Archive member included to satisfy reference by file (symbol)

c:/intelfpga/18.0l/nios2eds/bin/gnu/h-x86_64-mingw32/bin/../lib/gcc/nios2-elf/5.3.0/../../../../../H-x86_64-mingw32/nios2-elf/lib/mno-hw-mul\libsmallc.a(lib_a-puts.o)
                              obj/default/main.o (puts)
c:/intelfpga/18.0l/nios2eds/bin/gnu/h-x86_64-mingw32/bin/../lib/gcc/nios2-elf/5.3.0/../../../../../H-x86_64-mingw32/nios2-elf/lib/mno-hw-mul\libsmallc.a(lib_a-strlen.o)
                              c:/intelfpga/18.0l/nios2eds/bin/gnu/h-x86_64-mingw32/bin/../lib/gcc/nios2-elf/5.3.0/../../../../../H-x86_64-mingw32/nios2-elf/lib/mno-hw-mul\libsmallc.a(lib_a-puts.o) (strlen)
c:/intelfpga/18.0l/nios2eds/bin/gnu/h-x86_64-mingw32/bin/../lib/gcc/nios2-elf/5.3.0/../../../../../H-x86_64-mingw32/nios2-elf/lib/mno-hw-mul\libsmallc.a(lib_a-fvwrite_small_dev.o)
                              c:/intelfpga/18.0l/nios2eds/bin/gnu/h-x86_64-mingw32/bin/../lib/gcc/nios2-elf/5.3.0/../../../../../H-x86_64-mingw32/nios2-elf/lib/mno-hw-mul\libsmallc.a(lib_a-puts.o) (__sfvwrite_small_dev)
c:/intelfpga/18.0l/nios2eds/bin/gnu/h-x86_64-mingw32/bin/../lib/gcc/nios2-elf/5.3.0/../../../../../H-x86_64-mingw32/nios2-elf/lib/mno-hw-mul\libsmallc.a(lib_a-impure.o)
                              c:/intelfpga/18.0l/nios2eds/bin/gnu/h-x86_64-mingw32/bin/../lib/gcc/nios2-elf/5.3.0/../../../../../H-x86_64-mingw32/nios2-elf/lib/mno-hw-mul\libsmallc.a(lib_a-puts.o) (_impure_ptr)
c:/intelfpga/18.0l/nios2eds/bin/gnu/h-x86_64-mingw32/bin/../lib/gcc/nios2-elf/5.3.0/../../../../../H-x86_64-mingw32/nios2-elf/lib/mno-hw-mul\libsmallc.a(lib_a-writer.o)
                              c:/intelfpga/18.0l/nios2eds/bin/gnu/h-x86_64-mingw32/bin/../lib/gcc/nios2-elf/5.3.0/../../../../../H-x86_64-mingw32/nios2-elf/lib/mno-hw-mul\libsmallc.a(lib_a-fvwrite_small_dev.o) (_write_r)
c:/intelfpga/18.0l/nios2eds/bin/gnu/h-x86_64-mingw32/bin/../lib/gcc/nios2-elf/5.3.0/../../../../../H-x86_64-mingw32/nios2-elf/lib/mno-hw-mul\libsmallc.a(lib_a-int_errno.o)
                              c:/intelfpga/18.0l/nios2eds/bin/gnu/h-x86_64-mingw32/bin/../lib/gcc/nios2-elf/5.3.0/../../../../../H-x86_64-mingw32/nios2-elf/lib/mno-hw-mul\libsmallc.a(lib_a-writer.o) (errno)
../Firmware_bsp/\libhal_bsp.a(alt_load.o)
                              ../Firmware_bsp//obj/HAL/src/crt0.o (alt_load)
../Firmware_bsp/\libhal_bsp.a(alt_main.o)
                              ../Firmware_bsp//obj/HAL/src/crt0.o (alt_main)
../Firmware_bsp/\libhal_bsp.a(alt_write.o)
                              c:/intelfpga/18.0l/nios2eds/bin/gnu/h-x86_64-mingw32/bin/../lib/gcc/nios2-elf/5.3.0/../../../../../H-x86_64-mingw32/nios2-elf/lib/mno-hw-mul\libsmallc.a(lib_a-writer.o) (write)
../Firmware_bsp/\libhal_bsp.a(alt_sys_init.o)
                              ../Firmware_bsp/\libhal_bsp.a(alt_main.o) (alt_irq_init)
../Firmware_bsp/\libhal_bsp.a(altera_avalon_jtag_uart_fd.o)
                              ../Firmware_bsp/\libhal_bsp.a(alt_sys_init.o) (altera_avalon_jtag_uart_read_fd)
../Firmware_bsp/\libhal_bsp.a(altera_avalon_jtag_uart_init.o)
                              ../Firmware_bsp/\libhal_bsp.a(alt_sys_init.o) (altera_avalon_jtag_uart_init)
../Firmware_bsp/\libhal_bsp.a(altera_avalon_jtag_uart_ioctl.o)
                              ../Firmware_bsp/\libhal_bsp.a(altera_avalon_jtag_uart_fd.o) (altera_avalon_jtag_uart_ioctl)
../Firmware_bsp/\libhal_bsp.a(altera_avalon_jtag_uart_read.o)
                              ../Firmware_bsp/\libhal_bsp.a(altera_avalon_jtag_uart_fd.o) (altera_avalon_jtag_uart_read)
../Firmware_bsp/\libhal_bsp.a(altera_avalon_jtag_uart_write.o)
                              ../Firmware_bsp/\libhal_bsp.a(altera_avalon_jtag_uart_fd.o) (altera_avalon_jtag_uart_write)
../Firmware_bsp/\libhal_bsp.a(alt_alarm_start.o)
                              ../Firmware_bsp/\libhal_bsp.a(altera_avalon_jtag_uart_init.o) (alt_alarm_start)
../Firmware_bsp/\libhal_bsp.a(alt_close.o)
                              ../Firmware_bsp/\libhal_bsp.a(alt_main.o) (close)
../Firmware_bsp/\libhal_bsp.a(alt_dcache_flush_all.o)
                              ../Firmware_bsp/\libhal_bsp.a(alt_load.o) (alt_dcache_flush_all)
../Firmware_bsp/\libhal_bsp.a(alt_dev.o)
                              ../Firmware_bsp/\libhal_bsp.a(alt_sys_init.o) (alt_dev_list)
../Firmware_bsp/\libhal_bsp.a(alt_dev_llist_insert.o)
                              ../Firmware_bsp/\libhal_bsp.a(alt_sys_init.o) (alt_dev_llist_insert)
../Firmware_bsp/\libhal_bsp.a(alt_errno.o)
                              ../Firmware_bsp/\libhal_bsp.a(alt_write.o) (alt_errno)
../Firmware_bsp/\libhal_bsp.a(alt_icache_flush_all.o)
                              ../Firmware_bsp/\libhal_bsp.a(alt_load.o) (alt_icache_flush_all)
../Firmware_bsp/\libhal_bsp.a(alt_iic.o)
                              ../Firmware_bsp/\libhal_bsp.a(altera_avalon_jtag_uart_init.o) (alt_ic_isr_register)
../Firmware_bsp/\libhal_bsp.a(alt_iic_isr_register.o)
                              ../Firmware_bsp/\libhal_bsp.a(alt_iic.o) (alt_iic_isr_register)
../Firmware_bsp/\libhal_bsp.a(alt_io_redirect.o)
                              ../Firmware_bsp/\libhal_bsp.a(alt_main.o) (alt_io_redirect)
../Firmware_bsp/\libhal_bsp.a(alt_irq_entry.o)
                              ../Firmware_bsp/\libhal_bsp.a(alt_iic_isr_register.o) (alt_irq_entry)
../Firmware_bsp/\libhal_bsp.a(alt_irq_handler.o)
                              ../Firmware_bsp/\libhal_bsp.a(alt_iic_isr_register.o) (alt_irq)
../Firmware_bsp/\libhal_bsp.a(alt_irq_vars.o)
                              ../Firmware_bsp/\libhal_bsp.a(alt_iic.o) (alt_irq_active)
../Firmware_bsp/\libhal_bsp.a(alt_open.o)
                              ../Firmware_bsp/\libhal_bsp.a(alt_io_redirect.o) (open)
../Firmware_bsp/\libhal_bsp.a(alt_release_fd.o)
                              ../Firmware_bsp/\libhal_bsp.a(alt_close.o) (alt_release_fd)
../Firmware_bsp/\libhal_bsp.a(alt_tick.o)
                              ../Firmware_bsp/\libhal_bsp.a(altera_avalon_jtag_uart_init.o) (_alt_tick_rate)
../Firmware_bsp/\libhal_bsp.a(altera_nios2_gen2_irq.o)
                              ../Firmware_bsp/\libhal_bsp.a(alt_sys_init.o) (altera_nios2_gen2_irq_init)
../Firmware_bsp/\libhal_bsp.a(alt_exception_entry.o)
                              ../Firmware_bsp/\libhal_bsp.a(alt_irq_entry.o) (alt_exception)
../Firmware_bsp/\libhal_bsp.a(alt_find_dev.o)
                              ../Firmware_bsp/\libhal_bsp.a(alt_open.o) (alt_find_dev)
../Firmware_bsp/\libhal_bsp.a(alt_find_file.o)
                              ../Firmware_bsp/\libhal_bsp.a(alt_open.o) (alt_find_file)
../Firmware_bsp/\libhal_bsp.a(alt_get_fd.o)
                              ../Firmware_bsp/\libhal_bsp.a(alt_open.o) (alt_get_fd)
../Firmware_bsp/\libhal_bsp.a(alt_instruction_exception_entry.o)
                              ../Firmware_bsp/\libhal_bsp.a(alt_exception_entry.o) (alt_instruction_exception_entry)
c:/intelfpga/18.0l/nios2eds/bin/gnu/h-x86_64-mingw32/bin/../lib/gcc/nios2-elf/5.3.0/../../../../../H-x86_64-mingw32/nios2-elf/lib/mno-hw-mul\libsmallc.a(lib_a-exit.o)
                              ../Firmware_bsp/\libhal_bsp.a(alt_main.o) (exit)
c:/intelfpga/18.0l/nios2eds/bin/gnu/h-x86_64-mingw32/bin/../lib/gcc/nios2-elf/5.3.0/../../../../../H-x86_64-mingw32/nios2-elf/lib/mno-hw-mul\libsmallc.a(lib_a-memcmp.o)
                              ../Firmware_bsp/\libhal_bsp.a(alt_find_dev.o) (memcmp)
c:/intelfpga/18.0l/nios2eds/bin/gnu/h-x86_64-mingw32/bin/../lib/gcc/nios2-elf/5.3.0/../../../../../H-x86_64-mingw32/nios2-elf/lib/mno-hw-mul\libsmallc.a(lib_a-memcpy.o)
                              ../Firmware_bsp/\libhal_bsp.a(altera_avalon_jtag_uart_read.o) (memcpy)
c:/intelfpga/18.0l/nios2eds/bin/gnu/h-x86_64-mingw32/bin/../lib/gcc/nios2-elf/5.3.0/../../../../../H-x86_64-mingw32/nios2-elf/lib/mno-hw-mul\libsmallc.a(lib_a-__call_atexit.o)
                              c:/intelfpga/18.0l/nios2eds/bin/gnu/h-x86_64-mingw32/bin/../lib/gcc/nios2-elf/5.3.0/../../../../../H-x86_64-mingw32/nios2-elf/lib/mno-hw-mul\libsmallc.a(lib_a-exit.o) (__call_exitprocs)
c:/intelfpga/18.0l/nios2eds/bin/gnu/h-x86_64-mingw32/bin/../lib/gcc/nios2-elf/5.3.0/mno-hw-mul\libgcc.a(lib2-mul.o)
                              ../Firmware_bsp/\libhal_bsp.a(alt_write.o) (__mulsi3)
../Firmware_bsp/\libhal_bsp.a(alt_exit.o)
                              c:/intelfpga/18.0l/nios2eds/bin/gnu/h-x86_64-mingw32/bin/../lib/gcc/nios2-elf/5.3.0/../../../../../H-x86_64-mingw32/nios2-elf/lib/mno-hw-mul\libsmallc.a(lib_a-exit.o) (_exit)

Allocating common symbols
Common symbol       size              file

alt_irq             0x100             ../Firmware_bsp/\libhal_bsp.a(alt_irq_handler.o)
errno               0x4               c:/intelfpga/18.0l/nios2eds/bin/gnu/h-x86_64-mingw32/bin/../lib/gcc/nios2-elf/5.3.0/../../../../../H-x86_64-mingw32/nios2-elf/lib/mno-hw-mul\libsmallc.a(lib_a-int_errno.o)

Memory Configuration

Name             Origin             Length             Attributes
reset            0x0000000000008000 0x0000000000000020
onchip_memory2_0 0x0000000000008020 0x0000000000007fe0
*default*        0x0000000000000000 0xffffffffffffffff

Linker script and memory map

LOAD ../Firmware_bsp//obj/HAL/src/crt0.o
LOAD obj/default/main.o
LOAD c:/intelfpga/18.0l/nios2eds/bin/gnu/h-x86_64-mingw32/bin/../lib/gcc/nios2-elf/5.3.0/../../../../../H-x86_64-mingw32/nios2-elf/lib/mno-hw-mul\libstdc++.a
LOAD c:/intelfpga/18.0l/nios2eds/bin/gnu/h-x86_64-mingw32/bin/../lib/gcc/nios2-elf/5.3.0/../../../../../H-x86_64-mingw32/nios2-elf/lib/mno-hw-mul\libm.a
LOAD c:/intelfpga/18.0l/nios2eds/bin/gnu/h-x86_64-mingw32/bin/../lib/gcc/nios2-elf/5.3.0/mno-hw-mul\libgcc.a
START GROUP
LOAD c:/intelfpga/18.0l/nios2eds/bin/gnu/h-x86_64-mingw32/bin/../lib/gcc/nios2-elf/5.3.0/../../../../../H-x86_64-mingw32/nios2-elf/lib/mno-hw-mul\libsmallc.a
LOAD c:/intelfpga/18.0l/nios2eds/bin/gnu/h-x86_64-mingw32/bin/../lib/gcc/nios2-elf/5.3.0/mno-hw-mul\libgcc.a
LOAD ../Firmware_bsp/\libhal_bsp.a
LOAD c:/intelfpga/18.0l/nios2eds/bin/gnu/h-x86_64-mingw32/bin/../lib/gcc/nios2-elf/5.3.0/../../../../../H-x86_64-mingw32/nios2-elf/lib/mno-hw-mul\libm.a
END GROUP
LOAD c:/intelfpga/18.0l/nios2eds/bin/gnu/h-x86_64-mingw32/bin/../lib/gcc/nios2-elf/5.3.0/mno-hw-mul\libgcc.a
                0x0000000000008000                __alt_mem_onchip_memory2_0 = 0x8000

.entry          0x0000000000008000       0x20
 *(.entry)
 .entry         0x0000000000008000       0x20 ../Firmware_bsp//obj/HAL/src/crt0.o
                0x0000000000008000                __reset

.exceptions     0x0000000000008020      0x210
                0x0000000000008020                PROVIDE (__ram_exceptions_start, ABSOLUTE (.))
                0x0000000000008020                . = ALIGN (0x20)
 *(.irq)
 *(.exceptions.entry.label)
 .exceptions.entry.label
                0x0000000000008020        0x0 ../Firmware_bsp/\libhal_bsp.a(alt_irq_entry.o)
                0x0000000000008020                alt_irq_entry
 .exceptions.entry.label
                0x0000000000008020        0x0 ../Firmware_bsp/\libhal_bsp.a(alt_exception_entry.o)
                0x0000000000008020                alt_exception
 *(.exceptions.entry.user)
 *(.exceptions.entry.ecc_fatal)
 *(.exceptions.entry)
 .exceptions.entry
                0x0000000000008020       0x54 ../Firmware_bsp/\libhal_bsp.a(alt_exception_entry.o)
 *(.exceptions.irqtest.user)
 *(.exceptions.irqtest)
 .exceptions.irqtest
                0x0000000000008074       0x10 ../Firmware_bsp/\libhal_bsp.a(alt_irq_entry.o)
 *(.exceptions.irqhandler.user)
 *(.exceptions.irqhandler)
 .exceptions.irqhandler
                0x0000000000008084        0x4 ../Firmware_bsp/\libhal_bsp.a(alt_irq_entry.o)
 *(.exceptions.irqreturn.user)
 *(.exceptions.irqreturn)
 .exceptions.irqreturn
                0x0000000000008088        0x4 ../Firmware_bsp/\libhal_bsp.a(alt_irq_entry.o)
 *(.exceptions.notirq.label)
 .exceptions.notirq.label
                0x000000000000808c        0x0 ../Firmware_bsp/\libhal_bsp.a(alt_irq_entry.o)
 *(.exceptions.notirq.user)
 *(.exceptions.notirq)
 .exceptions.notirq
                0x000000000000808c        0x8 ../Firmware_bsp/\libhal_bsp.a(alt_exception_entry.o)
 *(.exceptions.soft.user)
 *(.exceptions.soft)
 *(.exceptions.unknown.user)
 *(.exceptions.unknown)
 .exceptions.unknown
                0x0000000000008094       0x14 ../Firmware_bsp/\libhal_bsp.a(alt_exception_entry.o)
 *(.exceptions.exit.label)
 .exceptions.exit.label
                0x00000000000080a8        0x0 ../Firmware_bsp/\libhal_bsp.a(alt_irq_entry.o)
 .exceptions.exit.label
                0x00000000000080a8        0x0 ../Firmware_bsp/\libhal_bsp.a(alt_exception_entry.o)
 *(.exceptions.exit.user)
 *(.exceptions.exit)
 .exceptions.exit
                0x00000000000080a8       0x54 ../Firmware_bsp/\libhal_bsp.a(alt_exception_entry.o)
 *(.exceptions)
 .exceptions    0x00000000000080fc       0xd4 ../Firmware_bsp/\libhal_bsp.a(alt_irq_handler.o)
                0x00000000000080fc                alt_irq_handler
 .exceptions    0x00000000000081d0       0x60 ../Firmware_bsp/\libhal_bsp.a(alt_instruction_exception_entry.o)
                0x00000000000081d0                alt_instruction_exception_entry
                0x0000000000008230                PROVIDE (__ram_exceptions_end, ABSOLUTE (.))
                0x0000000000008020                PROVIDE (__flash_exceptions_start, LOADADDR (.exceptions))

.text           0x0000000000008230     0x21f4
                [!provide]                        PROVIDE (stext, ABSOLUTE (.))
 *(.interp)
 *(.hash)
 *(.dynsym)
 *(.dynstr)
 *(.gnu.version)
 *(.gnu.version_d)
 *(.gnu.version_r)
 *(.rel.init)
 *(.rela.init)
 *(.rel.text .rel.text.* .rel.gnu.linkonce.t.*)
 *(.rela.text .rela.text.* .rela.gnu.linkonce.t.*)
 *(.rel.fini)
 *(.rela.fini)
 *(.rel.rodata .rel.rodata.* .rel.gnu.linkonce.r.*)
 *(.rela.rodata .rela.rodata.* .rela.gnu.linkonce.r.*)
 *(.rel.data .rel.data.* .rel.gnu.linkonce.d.*)
 *(.rela.data .rela.data.* .rela.gnu.linkonce.d.*)
 *(.rel.tdata .rel.tdata.* .rel.gnu.linkonce.td.*)
 *(.rela.tdata .rela.tdata.* .rela.gnu.linkonce.td.*)
 *(.rel.tbss .rel.tbss.* .rel.gnu.linkonce.tb.*)
 *(.rela.tbss .rela.tbss.* .rela.gnu.linkonce.tb.*)
 *(.rel.ctors)
 *(.rela.ctors)
 *(.rel.dtors)
 *(.rela.dtors)
 *(.rel.got)
 *(.rela.got)
 *(.rel.sdata .rel.sdata.* .rel.gnu.linkonce.s.*)
 *(.rela.sdata .rela.sdata.* .rela.gnu.linkonce.s.*)
 *(.rel.sbss .rel.sbss.* .rel.gnu.linkonce.sb.*)
 *(.rela.sbss .rela.sbss.* .rela.gnu.linkonce.sb.*)
 *(.rel.sdata2 .rel.sdata2.* .rel.gnu.linkonce.s2.*)
 *(.rela.sdata2 .rela.sdata2.* .rela.gnu.linkonce.s2.*)
 *(.rel.sbss2 .rel.sbss2.* .rel.gnu.linkonce.sb2.*)
 *(.rela.sbss2 .rela.sbss2.* .rela.gnu.linkonce.sb2.*)
 *(.rel.bss .rel.bss.* .rel.gnu.linkonce.b.*)
 *(.rela.bss .rela.bss.* .rela.gnu.linkonce.b.*)
 *(.rel.plt)
 *(.rela.plt)
 *(.rel.dyn)
 *(.init)
 *(.plt)
 *(.text .stub .text.* .gnu.linkonce.t.*)
 .text          0x0000000000008230       0x3c ../Firmware_bsp//obj/HAL/src/crt0.o
                0x0000000000008230                _start
 .text          0x000000000000826c       0x8c obj/default/main.o
                0x000000000000826c                main
 .text          0x00000000000082f8        0x0 c:/intelfpga/18.0l/nios2eds/bin/gnu/h-x86_64-mingw32/bin/../lib/gcc/nios2-elf/5.3.0/../../../../../H-x86_64-mingw32/nios2-elf/lib/mno-hw-mul\libsmallc.a(lib_a-puts.o)
 .text._puts_r  0x00000000000082f8       0x80 c:/intelfpga/18.0l/nios2eds/bin/gnu/h-x86_64-mingw32/bin/../lib/gcc/nios2-elf/5.3.0/../../../../../H-x86_64-mingw32/nios2-elf/lib/mno-hw-mul\libsmallc.a(lib_a-puts.o)
                0x00000000000082f8                _puts_r
 .text.puts     0x0000000000008378       0x14 c:/intelfpga/18.0l/nios2eds/bin/gnu/h-x86_64-mingw32/bin/../lib/gcc/nios2-elf/5.3.0/../../../../../H-x86_64-mingw32/nios2-elf/lib/mno-hw-mul\libsmallc.a(lib_a-puts.o)
                0x0000000000008378                puts
 .text          0x000000000000838c        0x0 c:/intelfpga/18.0l/nios2eds/bin/gnu/h-x86_64-mingw32/bin/../lib/gcc/nios2-elf/5.3.0/../../../../../H-x86_64-mingw32/nios2-elf/lib/mno-hw-mul\libsmallc.a(lib_a-strlen.o)
 .text.strlen   0x000000000000838c       0x1c c:/intelfpga/18.0l/nios2eds/bin/gnu/h-x86_64-mingw32/bin/../lib/gcc/nios2-elf/5.3.0/../../../../../H-x86_64-mingw32/nios2-elf/lib/mno-hw-mul\libsmallc.a(lib_a-strlen.o)
                0x000000000000838c                strlen
 .text          0x00000000000083a8        0x0 c:/intelfpga/18.0l/nios2eds/bin/gnu/h-x86_64-mingw32/bin/../lib/gcc/nios2-elf/5.3.0/../../../../../H-x86_64-mingw32/nios2-elf/lib/mno-hw-mul\libsmallc.a(lib_a-fvwrite_small_dev.o)
 .text.__sfvwrite_small_dev
                0x00000000000083a8       0xb8 c:/intelfpga/18.0l/nios2eds/bin/gnu/h-x86_64-mingw32/bin/../lib/gcc/nios2-elf/5.3.0/../../../../../H-x86_64-mingw32/nios2-elf/lib/mno-hw-mul\libsmallc.a(lib_a-fvwrite_small_dev.o)
                0x00000000000083a8                __sfvwrite_small_dev
 .text          0x0000000000008460        0x0 c:/intelfpga/18.0l/nios2eds/bin/gnu/h-x86_64-mingw32/bin/../lib/gcc/nios2-elf/5.3.0/../../../../../H-x86_64-mingw32/nios2-elf/lib/mno-hw-mul\libsmallc.a(lib_a-impure.o)
 .text          0x0000000000008460        0x0 c:/intelfpga/18.0l/nios2eds/bin/gnu/h-x86_64-mingw32/bin/../lib/gcc/nios2-elf/5.3.0/../../../../../H-x86_64-mingw32/nios2-elf/lib/mno-hw-mul\libsmallc.a(lib_a-writer.o)
 .text._write_r
                0x0000000000008460       0x58 c:/intelfpga/18.0l/nios2eds/bin/gnu/h-x86_64-mingw32/bin/../lib/gcc/nios2-elf/5.3.0/../../../../../H-x86_64-mingw32/nios2-elf/lib/mno-hw-mul\libsmallc.a(lib_a-writer.o)
                0x0000000000008460                _write_r
 .text          0x00000000000084b8        0x0 c:/intelfpga/18.0l/nios2eds/bin/gnu/h-x86_64-mingw32/bin/../lib/gcc/nios2-elf/5.3.0/../../../../../H-x86_64-mingw32/nios2-elf/lib/mno-hw-mul\libsmallc.a(lib_a-int_errno.o)
 .text          0x00000000000084b8       0xec ../Firmware_bsp/\libhal_bsp.a(alt_load.o)
                0x0000000000008520                alt_load
 .text          0x00000000000085a4       0x6c ../Firmware_bsp/\libhal_bsp.a(alt_main.o)
                0x00000000000085a4                alt_main
 .text          0x0000000000008610      0x13c ../Firmware_bsp/\libhal_bsp.a(alt_write.o)
                0x000000000000864c                write
 .text          0x000000000000874c       0xb8 ../Firmware_bsp/\libhal_bsp.a(alt_sys_init.o)
                0x0000000000008780                alt_irq_init
                0x00000000000087b8                alt_sys_init
 .text          0x0000000000008804      0x164 ../Firmware_bsp/\libhal_bsp.a(altera_avalon_jtag_uart_fd.o)
                0x0000000000008804                altera_avalon_jtag_uart_read_fd
                0x0000000000008864                altera_avalon_jtag_uart_write_fd
                0x00000000000088c4                altera_avalon_jtag_uart_close_fd
                0x0000000000008914                altera_avalon_jtag_uart_ioctl_fd
 .text          0x0000000000008968      0x3d4 ../Firmware_bsp/\libhal_bsp.a(altera_avalon_jtag_uart_init.o)
                0x0000000000008968                altera_avalon_jtag_uart_init
                0x0000000000008cd4                altera_avalon_jtag_uart_close
 .text          0x0000000000008d3c       0xf0 ../Firmware_bsp/\libhal_bsp.a(altera_avalon_jtag_uart_ioctl.o)
                0x0000000000008d3c                altera_avalon_jtag_uart_ioctl
 .text          0x0000000000008e2c      0x21c ../Firmware_bsp/\libhal_bsp.a(altera_avalon_jtag_uart_read.o)
                0x0000000000008e2c                altera_avalon_jtag_uart_read
 .text          0x0000000000009048      0x224 ../Firmware_bsp/\libhal_bsp.a(altera_avalon_jtag_uart_write.o)
                0x0000000000009048                altera_avalon_jtag_uart_write
 .text          0x000000000000926c      0x12c ../Firmware_bsp/\libhal_bsp.a(alt_alarm_start.o)
                0x000000000000926c                alt_alarm_start
 .text          0x0000000000009398      0x114 ../Firmware_bsp/\libhal_bsp.a(alt_close.o)
                0x00000000000093d4                close
 .text          0x00000000000094ac       0x20 ../Firmware_bsp/\libhal_bsp.a(alt_dcache_flush_all.o)
                0x00000000000094ac                alt_dcache_flush_all
 .text          0x00000000000094cc       0x2c ../Firmware_bsp/\libhal_bsp.a(alt_dev.o)
 .text          0x00000000000094f8       0xe0 ../Firmware_bsp/\libhal_bsp.a(alt_dev_llist_insert.o)
                0x0000000000009534                alt_dev_llist_insert
 .text          0x00000000000095d8        0x0 ../Firmware_bsp/\libhal_bsp.a(alt_errno.o)
 .text          0x00000000000095d8       0x20 ../Firmware_bsp/\libhal_bsp.a(alt_icache_flush_all.o)
                0x00000000000095d8                alt_icache_flush_all
 .text          0x00000000000095f8      0x1b0 ../Firmware_bsp/\libhal_bsp.a(alt_iic.o)
                0x00000000000095f8                alt_ic_isr_register
                0x0000000000009648                alt_ic_irq_enable
                0x00000000000096d0                alt_ic_irq_disable
                0x000000000000975c                alt_ic_irq_enabled
 .text          0x00000000000097a8       0xf0 ../Firmware_bsp/\libhal_bsp.a(alt_iic_isr_register.o)
                0x00000000000097a8                alt_iic_isr_register
 .text          0x0000000000009898      0x160 ../Firmware_bsp/\libhal_bsp.a(alt_io_redirect.o)
                0x000000000000997c                alt_io_redirect
 .text          0x00000000000099f8        0x0 ../Firmware_bsp/\libhal_bsp.a(alt_irq_entry.o)
 .text          0x00000000000099f8        0x0 ../Firmware_bsp/\libhal_bsp.a(alt_irq_handler.o)
 .text          0x00000000000099f8        0x0 ../Firmware_bsp/\libhal_bsp.a(alt_irq_vars.o)
 .text          0x00000000000099f8      0x284 ../Firmware_bsp/\libhal_bsp.a(alt_open.o)
                0x0000000000009b20                open
 .text          0x0000000000009c7c       0x84 ../Firmware_bsp/\libhal_bsp.a(alt_release_fd.o)
                0x0000000000009c7c                alt_release_fd
 .text          0x0000000000009d00      0x1a4 ../Firmware_bsp/\libhal_bsp.a(alt_tick.o)
                0x0000000000009d00                alt_alarm_stop
                0x0000000000009d9c                alt_tick
 .text          0x0000000000009ea4       0x24 ../Firmware_bsp/\libhal_bsp.a(altera_nios2_gen2_irq.o)
                0x0000000000009ea4                altera_nios2_gen2_irq_init
 .text          0x0000000000009ec8        0x0 ../Firmware_bsp/\libhal_bsp.a(alt_exception_entry.o)
 .text          0x0000000000009ec8       0x90 ../Firmware_bsp/\libhal_bsp.a(alt_find_dev.o)
                0x0000000000009ec8                alt_find_dev
 .text          0x0000000000009f58      0x108 ../Firmware_bsp/\libhal_bsp.a(alt_find_file.o)
                0x0000000000009f58                alt_find_file
 .text          0x000000000000a060       0xc4 ../Firmware_bsp/\libhal_bsp.a(alt_get_fd.o)
                0x000000000000a060                alt_get_fd
 .text          0x000000000000a124       0x9c ../Firmware_bsp/\libhal_bsp.a(alt_instruction_exception_entry.o)
                0x000000000000a124                alt_exception_cause_generated_bad_addr
 .text          0x000000000000a1c0        0x0 c:/intelfpga/18.0l/nios2eds/bin/gnu/h-x86_64-mingw32/bin/../lib/gcc/nios2-elf/5.3.0/../../../../../H-x86_64-mingw32/nios2-elf/lib/mno-hw-mul\libsmallc.a(lib_a-exit.o)
 .text.exit     0x000000000000a1c0       0x20 c:/intelfpga/18.0l/nios2eds/bin/gnu/h-x86_64-mingw32/bin/../lib/gcc/nios2-elf/5.3.0/../../../../../H-x86_64-mingw32/nios2-elf/lib/mno-hw-mul\libsmallc.a(lib_a-exit.o)
                0x000000000000a1c0                exit
 .text          0x000000000000a1e0        0x0 c:/intelfpga/18.0l/nios2eds/bin/gnu/h-x86_64-mingw32/bin/../lib/gcc/nios2-elf/5.3.0/../../../../../H-x86_64-mingw32/nios2-elf/lib/mno-hw-mul\libsmallc.a(lib_a-memcmp.o)
 .text.memcmp   0x000000000000a1e0       0x30 c:/intelfpga/18.0l/nios2eds/bin/gnu/h-x86_64-mingw32/bin/../lib/gcc/nios2-elf/5.3.0/../../../../../H-x86_64-mingw32/nios2-elf/lib/mno-hw-mul\libsmallc.a(lib_a-memcmp.o)
                0x000000000000a1e0                memcmp
 .text          0x000000000000a210        0x0 c:/intelfpga/18.0l/nios2eds/bin/gnu/h-x86_64-mingw32/bin/../lib/gcc/nios2-elf/5.3.0/../../../../../H-x86_64-mingw32/nios2-elf/lib/mno-hw-mul\libsmallc.a(lib_a-memcpy.o)
 .text.memcpy   0x000000000000a210       0x28 c:/intelfpga/18.0l/nios2eds/bin/gnu/h-x86_64-mingw32/bin/../lib/gcc/nios2-elf/5.3.0/../../../../../H-x86_64-mingw32/nios2-elf/lib/mno-hw-mul\libsmallc.a(lib_a-memcpy.o)
                0x000000000000a210                memcpy
 .text          0x000000000000a238        0x0 c:/intelfpga/18.0l/nios2eds/bin/gnu/h-x86_64-mingw32/bin/../lib/gcc/nios2-elf/5.3.0/../../../../../H-x86_64-mingw32/nios2-elf/lib/mno-hw-mul\libsmallc.a(lib_a-__call_atexit.o)
 .text.__call_exitprocs
                0x000000000000a238      0x190 c:/intelfpga/18.0l/nios2eds/bin/gnu/h-x86_64-mingw32/bin/../lib/gcc/nios2-elf/5.3.0/../../../../../H-x86_64-mingw32/nios2-elf/lib/mno-hw-mul\libsmallc.a(lib_a-__call_atexit.o)
                0x000000000000a238                __call_exitprocs
 .text          0x000000000000a3c8       0x28 c:/intelfpga/18.0l/nios2eds/bin/gnu/h-x86_64-mingw32/bin/../lib/gcc/nios2-elf/5.3.0/mno-hw-mul\libgcc.a(lib2-mul.o)
                0x000000000000a3c8                __mulsi3
 .text          0x000000000000a3f0       0x34 ../Firmware_bsp/\libhal_bsp.a(alt_exit.o)
                0x000000000000a3f0                _exit
 *(.gnu.warning.*)
 *(.fini)
                [!provide]                        PROVIDE (__etext, ABSOLUTE (.))
                [!provide]                        PROVIDE (_etext, ABSOLUTE (.))
                [!provide]                        PROVIDE (etext, ABSOLUTE (.))
 *(.eh_frame_hdr)
                0x000000000000a424                . = ALIGN (0x4)
                [!provide]                        PROVIDE (__preinit_array_start, ABSOLUTE (.))
 *(.preinit_array)
                [!provide]                        PROVIDE (__preinit_array_end, ABSOLUTE (.))
                [!provide]                        PROVIDE (__init_array_start, ABSOLUTE (.))
 *(.init_array)
                [!provide]                        PROVIDE (__init_array_end, ABSOLUTE (.))
                [!provide]                        PROVIDE (__fini_array_start, ABSOLUTE (.))
 *(.fini_array)
                [!provide]                        PROVIDE (__fini_array_end, ABSOLUTE (.))
 *(.eh_frame)
 *(.gcc_except_table .gcc_except_table.*)
 *(.dynamic)
                [!provide]                        PROVIDE (__CTOR_LIST__, ABSOLUTE (.))
 *(.ctors)
 *(SORT(.ctors.*))
                [!provide]                        PROVIDE (__CTOR_END__, ABSOLUTE (.))
                [!provide]                        PROVIDE (__DTOR_LIST__, ABSOLUTE (.))
 *(.dtors)
 *(SORT(.dtors.*))
                [!provide]                        PROVIDE (__DTOR_END__, ABSOLUTE (.))
 *(.jcr)
                0x000000000000a424                . = ALIGN (0x4)

.rodata         0x000000000000a424       0x40
                0x000000000000a424                PROVIDE (__ram_rodata_start, ABSOLUTE (.))
                0x000000000000a424                . = ALIGN (0x4)
 *(.rodata .rodata.* .gnu.linkonce.r.*)
 .rodata        0x000000000000a424        0x6 obj/default/main.o
 *fill*         0x000000000000a42a        0x2 
 .rodata.str1.4
                0x000000000000a42c        0x4 c:/intelfpga/18.0l/nios2eds/bin/gnu/h-x86_64-mingw32/bin/../lib/gcc/nios2-elf/5.3.0/../../../../../H-x86_64-mingw32/nios2-elf/lib/mno-hw-mul\libsmallc.a(lib_a-puts.o)
                                          0x2 (size before relaxing)
 .rodata        0x000000000000a430       0x11 ../Firmware_bsp/\libhal_bsp.a(alt_main.o)
 *fill*         0x000000000000a441        0x3 
 .rodata        0x000000000000a444       0x11 ../Firmware_bsp/\libhal_bsp.a(alt_sys_init.o)
 *fill*         0x000000000000a455        0x3 
 .rodata        0x000000000000a458        0xa ../Firmware_bsp/\libhal_bsp.a(alt_dev.o)
 *(.rodata1)
                0x000000000000a464                . = ALIGN (0x4)
 *fill*         0x000000000000a462        0x2 
                0x000000000000a464                PROVIDE (__ram_rodata_end, ABSOLUTE (.))
                0x000000000000a424                PROVIDE (__flash_rodata_start, LOADADDR (.rodata))

.rwdata         0x000000000000a464     0x1314 load address 0x000000000000b778
                0x000000000000a464                PROVIDE (__ram_rwdata_start, ABSOLUTE (.))
                0x000000000000a464                . = ALIGN (0x4)
 *(.got.plt)
 *(.got)
 *(.data1)
 *(.data .data.* .gnu.linkonce.d.*)
 .data          0x000000000000a464        0x0 ../Firmware_bsp//obj/HAL/src/crt0.o
 .data          0x000000000000a464        0x0 obj/default/main.o
 .data          0x000000000000a464        0x0 c:/intelfpga/18.0l/nios2eds/bin/gnu/h-x86_64-mingw32/bin/../lib/gcc/nios2-elf/5.3.0/../../../../../H-x86_64-mingw32/nios2-elf/lib/mno-hw-mul\libsmallc.a(lib_a-puts.o)
 .data          0x000000000000a464        0x0 c:/intelfpga/18.0l/nios2eds/bin/gnu/h-x86_64-mingw32/bin/../lib/gcc/nios2-elf/5.3.0/../../../../../H-x86_64-mingw32/nios2-elf/lib/mno-hw-mul\libsmallc.a(lib_a-strlen.o)
 .data          0x000000000000a464        0x0 c:/intelfpga/18.0l/nios2eds/bin/gnu/h-x86_64-mingw32/bin/../lib/gcc/nios2-elf/5.3.0/../../../../../H-x86_64-mingw32/nios2-elf/lib/mno-hw-mul\libsmallc.a(lib_a-fvwrite_small_dev.o)
 .data          0x000000000000a464        0x0 c:/intelfpga/18.0l/nios2eds/bin/gnu/h-x86_64-mingw32/bin/../lib/gcc/nios2-elf/5.3.0/../../../../../H-x86_64-mingw32/nios2-elf/lib/mno-hw-mul\libsmallc.a(lib_a-impure.o)
 .data.impure_data
                0x000000000000a464       0xe0 c:/intelfpga/18.0l/nios2eds/bin/gnu/h-x86_64-mingw32/bin/../lib/gcc/nios2-elf/5.3.0/../../../../../H-x86_64-mingw32/nios2-elf/lib/mno-hw-mul\libsmallc.a(lib_a-impure.o)
 .data          0x000000000000a544        0x0 c:/intelfpga/18.0l/nios2eds/bin/gnu/h-x86_64-mingw32/bin/../lib/gcc/nios2-elf/5.3.0/../../../../../H-x86_64-mingw32/nios2-elf/lib/mno-hw-mul\libsmallc.a(lib_a-writer.o)
 .data          0x000000000000a544        0x0 c:/intelfpga/18.0l/nios2eds/bin/gnu/h-x86_64-mingw32/bin/../lib/gcc/nios2-elf/5.3.0/../../../../../H-x86_64-mingw32/nios2-elf/lib/mno-hw-mul\libsmallc.a(lib_a-int_errno.o)
 .data          0x000000000000a544        0x0 ../Firmware_bsp/\libhal_bsp.a(alt_load.o)
 .data          0x000000000000a544        0x0 ../Firmware_bsp/\libhal_bsp.a(alt_main.o)
 .data          0x000000000000a544        0x0 ../Firmware_bsp/\libhal_bsp.a(alt_write.o)
 .data          0x000000000000a544     0x1060 ../Firmware_bsp/\libhal_bsp.a(alt_sys_init.o)
 .data          0x000000000000b5a4        0x0 ../Firmware_bsp/\libhal_bsp.a(altera_avalon_jtag_uart_fd.o)
 .data          0x000000000000b5a4        0x0 ../Firmware_bsp/\libhal_bsp.a(altera_avalon_jtag_uart_init.o)
 .data          0x000000000000b5a4        0x0 ../Firmware_bsp/\libhal_bsp.a(altera_avalon_jtag_uart_ioctl.o)
 .data          0x000000000000b5a4        0x0 ../Firmware_bsp/\libhal_bsp.a(altera_avalon_jtag_uart_read.o)
 .data          0x000000000000b5a4        0x0 ../Firmware_bsp/\libhal_bsp.a(altera_avalon_jtag_uart_write.o)
 .data          0x000000000000b5a4        0x0 ../Firmware_bsp/\libhal_bsp.a(alt_alarm_start.o)
 .data          0x000000000000b5a4        0x0 ../Firmware_bsp/\libhal_bsp.a(alt_close.o)
 .data          0x000000000000b5a4        0x0 ../Firmware_bsp/\libhal_bsp.a(alt_dcache_flush_all.o)
 .data          0x000000000000b5a4      0x1a8 ../Firmware_bsp/\libhal_bsp.a(alt_dev.o)
                0x000000000000b5a4                alt_dev_null
                0x000000000000b5cc                alt_fd_list
 .data          0x000000000000b74c        0x0 ../Firmware_bsp/\libhal_bsp.a(alt_dev_llist_insert.o)
 .data          0x000000000000b74c        0x0 ../Firmware_bsp/\libhal_bsp.a(alt_errno.o)
 .data          0x000000000000b74c        0x0 ../Firmware_bsp/\libhal_bsp.a(alt_icache_flush_all.o)
 .data          0x000000000000b74c        0x0 ../Firmware_bsp/\libhal_bsp.a(alt_iic.o)
 .data          0x000000000000b74c        0x0 ../Firmware_bsp/\libhal_bsp.a(alt_iic_isr_register.o)
 .data          0x000000000000b74c        0x0 ../Firmware_bsp/\libhal_bsp.a(alt_io_redirect.o)
 .data          0x000000000000b74c        0x0 ../Firmware_bsp/\libhal_bsp.a(alt_irq_entry.o)
 .data          0x000000000000b74c        0x0 ../Firmware_bsp/\libhal_bsp.a(alt_irq_handler.o)
 .data          0x000000000000b74c        0x0 ../Firmware_bsp/\libhal_bsp.a(alt_irq_vars.o)
 .data          0x000000000000b74c        0x0 ../Firmware_bsp/\libhal_bsp.a(alt_open.o)
 .data          0x000000000000b74c        0x0 ../Firmware_bsp/\libhal_bsp.a(alt_release_fd.o)
 .data          0x000000000000b74c        0x0 ../Firmware_bsp/\libhal_bsp.a(alt_tick.o)
 .data          0x000000000000b74c        0x0 ../Firmware_bsp/\libhal_bsp.a(altera_nios2_gen2_irq.o)
 .data          0x000000000000b74c        0x0 ../Firmware_bsp/\libhal_bsp.a(alt_exception_entry.o)
 .data          0x000000000000b74c        0x0 ../Firmware_bsp/\libhal_bsp.a(alt_find_dev.o)
 .data          0x000000000000b74c        0x0 ../Firmware_bsp/\libhal_bsp.a(alt_find_file.o)
 .data          0x000000000000b74c        0x0 ../Firmware_bsp/\libhal_bsp.a(alt_get_fd.o)
 .data          0x000000000000b74c        0x0 ../Firmware_bsp/\libhal_bsp.a(alt_instruction_exception_entry.o)
 .data          0x000000000000b74c        0x0 c:/intelfpga/18.0l/nios2eds/bin/gnu/h-x86_64-mingw32/bin/../lib/gcc/nios2-elf/5.3.0/../../../../../H-x86_64-mingw32/nios2-elf/lib/mno-hw-mul\libsmallc.a(lib_a-exit.o)
 .data          0x000000000000b74c        0x0 c:/intelfpga/18.0l/nios2eds/bin/gnu/h-x86_64-mingw32/bin/../lib/gcc/nios2-elf/5.3.0/../../../../../H-x86_64-mingw32/nios2-elf/lib/mno-hw-mul\libsmallc.a(lib_a-memcmp.o)
 .data          0x000000000000b74c        0x0 c:/intelfpga/18.0l/nios2eds/bin/gnu/h-x86_64-mingw32/bin/../lib/gcc/nios2-elf/5.3.0/../../../../../H-x86_64-mingw32/nios2-elf/lib/mno-hw-mul\libsmallc.a(lib_a-memcpy.o)
 .data          0x000000000000b74c        0x0 c:/intelfpga/18.0l/nios2eds/bin/gnu/h-x86_64-mingw32/bin/../lib/gcc/nios2-elf/5.3.0/../../../../../H-x86_64-mingw32/nios2-elf/lib/mno-hw-mul\libsmallc.a(lib_a-__call_atexit.o)
 .data          0x000000000000b74c        0x0 c:/intelfpga/18.0l/nios2eds/bin/gnu/h-x86_64-mingw32/bin/../lib/gcc/nios2-elf/5.3.0/mno-hw-mul\libgcc.a(lib2-mul.o)
 .data          0x000000000000b74c        0x0 ../Firmware_bsp/\libhal_bsp.a(alt_exit.o)
                0x000000000001374c                _gp = ABSOLUTE ((. + 0x8000))
                [!provide]                        PROVIDE (gp, _gp)
 *(.rwdata .rwdata.*)
 *(.sdata .sdata.* .gnu.linkonce.s.*)
 .sdata._global_impure_ptr
                0x000000000000b74c        0x4 c:/intelfpga/18.0l/nios2eds/bin/gnu/h-x86_64-mingw32/bin/../lib/gcc/nios2-elf/5.3.0/../../../../../H-x86_64-mingw32/nios2-elf/lib/mno-hw-mul\libsmallc.a(lib_a-impure.o)
                0x000000000000b74c                _global_impure_ptr
 .sdata._impure_ptr
                0x000000000000b750        0x4 c:/intelfpga/18.0l/nios2eds/bin/gnu/h-x86_64-mingw32/bin/../lib/gcc/nios2-elf/5.3.0/../../../../../H-x86_64-mingw32/nios2-elf/lib/mno-hw-mul\libsmallc.a(lib_a-impure.o)
                0x000000000000b750                _impure_ptr
 .sdata         0x000000000000b754       0x14 ../Firmware_bsp/\libhal_bsp.a(alt_dev.o)
                0x000000000000b754                alt_fs_list
                0x000000000000b75c                alt_dev_list
                0x000000000000b764                alt_max_fd
 .sdata         0x000000000000b768        0x4 ../Firmware_bsp/\libhal_bsp.a(alt_errno.o)
                0x000000000000b768                alt_errno
 .sdata         0x000000000000b76c        0x4 ../Firmware_bsp/\libhal_bsp.a(alt_irq_vars.o)
                0x000000000000b76c                alt_priority_mask
 .sdata         0x000000000000b770        0x8 ../Firmware_bsp/\libhal_bsp.a(alt_tick.o)
                0x000000000000b770                alt_alarm_list
 *(.sdata2 .sdata2.* .gnu.linkonce.s2.*)
                0x000000000000b778                . = ALIGN (0x4)
                0x000000000000b778                _edata = ABSOLUTE (.)
                [!provide]                        PROVIDE (edata, ABSOLUTE (.))
                0x000000000000b778                PROVIDE (__ram_rwdata_end, ABSOLUTE (.))
                0x000000000000b778                PROVIDE (__flash_rwdata_start, LOADADDR (.rwdata))

.bss            0x000000000000ca8c      0x120
                0x000000000000ca8c                __bss_start = ABSOLUTE (.)
                [!provide]                        PROVIDE (__sbss_start, ABSOLUTE (.))
                [!provide]                        PROVIDE (___sbss_start, ABSOLUTE (.))
 *(.dynsbss)
 *(.sbss .sbss.* .gnu.linkonce.sb.*)
 .sbss          0x000000000000ca8c        0x4 c:/intelfpga/18.0l/nios2eds/bin/gnu/h-x86_64-mingw32/bin/../lib/gcc/nios2-elf/5.3.0/../../../../../H-x86_64-mingw32/nios2-elf/lib/mno-hw-mul\libsmallc.a(lib_a-int_errno.o)
                0x000000000000ca8c                errno
 .sbss          0x000000000000ca90        0xc ../Firmware_bsp/\libhal_bsp.a(alt_main.o)
                0x000000000000ca90                alt_argc
                0x000000000000ca94                alt_argv
                0x000000000000ca98                alt_envp
 .sbss          0x000000000000ca9c        0x4 ../Firmware_bsp/\libhal_bsp.a(alt_irq_vars.o)
                0x000000000000ca9c                alt_irq_active
 .sbss          0x000000000000caa0        0x8 ../Firmware_bsp/\libhal_bsp.a(alt_tick.o)
                0x000000000000caa0                _alt_tick_rate
                0x000000000000caa4                _alt_nticks
 .sbss          0x000000000000caa8        0x4 ../Firmware_bsp/\libhal_bsp.a(alt_instruction_exception_entry.o)
                0x000000000000caa8                alt_instruction_exception_handler
 *(.sbss2 .sbss2.* .gnu.linkonce.sb2.*)
 *(.scommon)
                [!provide]                        PROVIDE (__sbss_end, ABSOLUTE (.))
                [!provide]                        PROVIDE (___sbss_end, ABSOLUTE (.))
 *(.dynbss)
 *(.bss .bss.* .gnu.linkonce.b.*)
 .bss           0x000000000000caac        0x0 ../Firmware_bsp//obj/HAL/src/crt0.o
 .bss           0x000000000000caac        0x0 obj/default/main.o
 .bss           0x000000000000caac        0x0 c:/intelfpga/18.0l/nios2eds/bin/gnu/h-x86_64-mingw32/bin/../lib/gcc/nios2-elf/5.3.0/../../../../../H-x86_64-mingw32/nios2-elf/lib/mno-hw-mul\libsmallc.a(lib_a-puts.o)
 .bss           0x000000000000caac        0x0 c:/intelfpga/18.0l/nios2eds/bin/gnu/h-x86_64-mingw32/bin/../lib/gcc/nios2-elf/5.3.0/../../../../../H-x86_64-mingw32/nios2-elf/lib/mno-hw-mul\libsmallc.a(lib_a-strlen.o)
 .bss           0x000000000000caac        0x0 c:/intelfpga/18.0l/nios2eds/bin/gnu/h-x86_64-mingw32/bin/../lib/gcc/nios2-elf/5.3.0/../../../../../H-x86_64-mingw32/nios2-elf/lib/mno-hw-mul\libsmallc.a(lib_a-fvwrite_small_dev.o)
 .bss           0x000000000000caac        0x0 c:/intelfpga/18.0l/nios2eds/bin/gnu/h-x86_64-mingw32/bin/../lib/gcc/nios2-elf/5.3.0/../../../../../H-x86_64-mingw32/nios2-elf/lib/mno-hw-mul\libsmallc.a(lib_a-impure.o)
 .bss           0x000000000000caac        0x0 c:/intelfpga/18.0l/nios2eds/bin/gnu/h-x86_64-mingw32/bin/../lib/gcc/nios2-elf/5.3.0/../../../../../H-x86_64-mingw32/nios2-elf/lib/mno-hw-mul\libsmallc.a(lib_a-writer.o)
 .bss           0x000000000000caac        0x0 c:/intelfpga/18.0l/nios2eds/bin/gnu/h-x86_64-mingw32/bin/../lib/gcc/nios2-elf/5.3.0/../../../../../H-x86_64-mingw32/nios2-elf/lib/mno-hw-mul\libsmallc.a(lib_a-int_errno.o)
 .bss           0x000000000000caac        0x0 ../Firmware_bsp/\libhal_bsp.a(alt_load.o)
 .bss           0x000000000000caac        0x0 ../Firmware_bsp/\libhal_bsp.a(alt_main.o)
 .bss           0x000000000000caac        0x0 ../Firmware_bsp/\libhal_bsp.a(alt_write.o)
 .bss           0x000000000000caac        0x0 ../Firmware_bsp/\libhal_bsp.a(alt_sys_init.o)
 .bss           0x000000000000caac        0x0 ../Firmware_bsp/\libhal_bsp.a(altera_avalon_jtag_uart_fd.o)
 .bss           0x000000000000caac        0x0 ../Firmware_bsp/\libhal_bsp.a(altera_avalon_jtag_uart_init.o)
 .bss           0x000000000000caac        0x0 ../Firmware_bsp/\libhal_bsp.a(altera_avalon_jtag_uart_ioctl.o)
 .bss           0x000000000000caac        0x0 ../Firmware_bsp/\libhal_bsp.a(altera_avalon_jtag_uart_read.o)
 .bss           0x000000000000caac        0x0 ../Firmware_bsp/\libhal_bsp.a(altera_avalon_jtag_uart_write.o)
 .bss           0x000000000000caac        0x0 ../Firmware_bsp/\libhal_bsp.a(alt_alarm_start.o)
 .bss           0x000000000000caac        0x0 ../Firmware_bsp/\libhal_bsp.a(alt_close.o)
 .bss           0x000000000000caac        0x0 ../Firmware_bsp/\libhal_bsp.a(alt_dcache_flush_all.o)
 .bss           0x000000000000caac        0x0 ../Firmware_bsp/\libhal_bsp.a(alt_dev.o)
 .bss           0x000000000000caac        0x0 ../Firmware_bsp/\libhal_bsp.a(alt_dev_llist_insert.o)
 .bss           0x000000000000caac        0x0 ../Firmware_bsp/\libhal_bsp.a(alt_errno.o)
 .bss           0x000000000000caac        0x0 ../Firmware_bsp/\libhal_bsp.a(alt_icache_flush_all.o)
 .bss           0x000000000000caac        0x0 ../Firmware_bsp/\libhal_bsp.a(alt_iic.o)
 .bss           0x000000000000caac        0x0 ../Firmware_bsp/\libhal_bsp.a(alt_iic_isr_register.o)
 .bss           0x000000000000caac        0x0 ../Firmware_bsp/\libhal_bsp.a(alt_io_redirect.o)
 .bss           0x000000000000caac        0x0 ../Firmware_bsp/\libhal_bsp.a(alt_irq_entry.o)
 .bss           0x000000000000caac        0x0 ../Firmware_bsp/\libhal_bsp.a(alt_irq_handler.o)
 .bss           0x000000000000caac        0x0 ../Firmware_bsp/\libhal_bsp.a(alt_irq_vars.o)
 .bss           0x000000000000caac        0x0 ../Firmware_bsp/\libhal_bsp.a(alt_open.o)
 .bss           0x000000000000caac        0x0 ../Firmware_bsp/\libhal_bsp.a(alt_release_fd.o)
 .bss           0x000000000000caac        0x0 ../Firmware_bsp/\libhal_bsp.a(alt_tick.o)
 .bss           0x000000000000caac        0x0 ../Firmware_bsp/\libhal_bsp.a(altera_nios2_gen2_irq.o)
 .bss           0x000000000000caac        0x0 ../Firmware_bsp/\libhal_bsp.a(alt_exception_entry.o)
 .bss           0x000000000000caac        0x0 ../Firmware_bsp/\libhal_bsp.a(alt_find_dev.o)
 .bss           0x000000000000caac        0x0 ../Firmware_bsp/\libhal_bsp.a(alt_find_file.o)
 .bss           0x000000000000caac        0x0 ../Firmware_bsp/\libhal_bsp.a(alt_get_fd.o)
 .bss           0x000000000000caac        0x0 ../Firmware_bsp/\libhal_bsp.a(alt_instruction_exception_entry.o)
 .bss           0x000000000000caac        0x0 c:/intelfpga/18.0l/nios2eds/bin/gnu/h-x86_64-mingw32/bin/../lib/gcc/nios2-elf/5.3.0/../../../../../H-x86_64-mingw32/nios2-elf/lib/mno-hw-mul\libsmallc.a(lib_a-exit.o)
 .bss           0x000000000000caac        0x0 c:/intelfpga/18.0l/nios2eds/bin/gnu/h-x86_64-mingw32/bin/../lib/gcc/nios2-elf/5.3.0/../../../../../H-x86_64-mingw32/nios2-elf/lib/mno-hw-mul\libsmallc.a(lib_a-memcmp.o)
 .bss           0x000000000000caac        0x0 c:/intelfpga/18.0l/nios2eds/bin/gnu/h-x86_64-mingw32/bin/../lib/gcc/nios2-elf/5.3.0/../../../../../H-x86_64-mingw32/nios2-elf/lib/mno-hw-mul\libsmallc.a(lib_a-memcpy.o)
 .bss           0x000000000000caac        0x0 c:/intelfpga/18.0l/nios2eds/bin/gnu/h-x86_64-mingw32/bin/../lib/gcc/nios2-elf/5.3.0/../../../../../H-x86_64-mingw32/nios2-elf/lib/mno-hw-mul\libsmallc.a(lib_a-__call_atexit.o)
 .bss           0x000000000000caac        0x0 c:/intelfpga/18.0l/nios2eds/bin/gnu/h-x86_64-mingw32/bin/../lib/gcc/nios2-elf/5.3.0/mno-hw-mul\libgcc.a(lib2-mul.o)
 .bss           0x000000000000caac        0x0 ../Firmware_bsp/\libhal_bsp.a(alt_exit.o)
 *(COMMON)
 COMMON         0x000000000000caac      0x100 ../Firmware_bsp/\libhal_bsp.a(alt_irq_handler.o)
                0x000000000000caac                alt_irq
                0x000000000000cbac                . = ALIGN (0x4)
                0x000000000000cbac                __bss_end = ABSOLUTE (.)

.onchip_memory2_0
                0x000000000000cbac        0x0
                [!provide]                        PROVIDE (_alt_partition_onchip_memory2_0_start, ABSOLUTE (.))
 *(.onchip_memory2_0 .onchip_memory2_0. onchip_memory2_0.*)
                0x000000000000cbac                . = ALIGN (0x4)
                [!provide]                        PROVIDE (_alt_partition_onchip_memory2_0_end, ABSOLUTE (.))
                0x000000000000cbac                _end = ABSOLUTE (.)
                0x000000000000cbac                end = ABSOLUTE (.)
                0x000000000000cbac                __alt_stack_base = ABSOLUTE (.)
                [!provide]                        PROVIDE (_alt_partition_onchip_memory2_0_load_addr, LOADADDR (.onchip_memory2_0))

.stab
 *(.stab)

.stabstr
 *(.stabstr)

.stab.excl
 *(.stab.excl)

.stab.exclstr
 *(.stab.exclstr)

.stab.index
 *(.stab.index)

.stab.indexstr
 *(.stab.indexstr)

.comment        0x0000000000000000       0x23
 *(.comment)
 .comment       0x0000000000000000       0x23 obj/default/main.o
                                         0x24 (size before relaxing)
 .comment       0x0000000000000023       0x24 c:/intelfpga/18.0l/nios2eds/bin/gnu/h-x86_64-mingw32/bin/../lib/gcc/nios2-elf/5.3.0/../../../../../H-x86_64-mingw32/nios2-elf/lib/mno-hw-mul\libsmallc.a(lib_a-puts.o)
 .comment       0x0000000000000023       0x24 c:/intelfpga/18.0l/nios2eds/bin/gnu/h-x86_64-mingw32/bin/../lib/gcc/nios2-elf/5.3.0/../../../../../H-x86_64-mingw32/nios2-elf/lib/mno-hw-mul\libsmallc.a(lib_a-strlen.o)
 .comment       0x0000000000000023       0x24 c:/intelfpga/18.0l/nios2eds/bin/gnu/h-x86_64-mingw32/bin/../lib/gcc/nios2-elf/5.3.0/../../../../../H-x86_64-mingw32/nios2-elf/lib/mno-hw-mul\libsmallc.a(lib_a-fvwrite_small_dev.o)
 .comment       0x0000000000000023       0x24 c:/intelfpga/18.0l/nios2eds/bin/gnu/h-x86_64-mingw32/bin/../lib/gcc/nios2-elf/5.3.0/../../../../../H-x86_64-mingw32/nios2-elf/lib/mno-hw-mul\libsmallc.a(lib_a-impure.o)
 .comment       0x0000000000000023       0x24 c:/intelfpga/18.0l/nios2eds/bin/gnu/h-x86_64-mingw32/bin/../lib/gcc/nios2-elf/5.3.0/../../../../../H-x86_64-mingw32/nios2-elf/lib/mno-hw-mul\libsmallc.a(lib_a-writer.o)
 .comment       0x0000000000000023       0x24 c:/intelfpga/18.0l/nios2eds/bin/gnu/h-x86_64-mingw32/bin/../lib/gcc/nios2-elf/5.3.0/../../../../../H-x86_64-mingw32/nios2-elf/lib/mno-hw-mul\libsmallc.a(lib_a-int_errno.o)
 .comment       0x0000000000000023       0x24 ../Firmware_bsp/\libhal_bsp.a(alt_load.o)
 .comment       0x0000000000000023       0x24 ../Firmware_bsp/\libhal_bsp.a(alt_main.o)
 .comment       0x0000000000000023       0x24 ../Firmware_bsp/\libhal_bsp.a(alt_write.o)
 .comment       0x0000000000000023       0x24 ../Firmware_bsp/\libhal_bsp.a(alt_sys_init.o)
 .comment       0x0000000000000023       0x24 ../Firmware_bsp/\libhal_bsp.a(altera_avalon_jtag_uart_fd.o)
 .comment       0x0000000000000023       0x24 ../Firmware_bsp/\libhal_bsp.a(altera_avalon_jtag_uart_init.o)
 .comment       0x0000000000000023       0x24 ../Firmware_bsp/\libhal_bsp.a(altera_avalon_jtag_uart_ioctl.o)
 .comment       0x0000000000000023       0x24 ../Firmware_bsp/\libhal_bsp.a(altera_avalon_jtag_uart_read.o)
 .comment       0x0000000000000023       0x24 ../Firmware_bsp/\libhal_bsp.a(altera_avalon_jtag_uart_write.o)
 .comment       0x0000000000000023       0x24 ../Firmware_bsp/\libhal_bsp.a(alt_alarm_start.o)
 .comment       0x0000000000000023       0x24 ../Firmware_bsp/\libhal_bsp.a(alt_close.o)
 .comment       0x0000000000000023       0x24 ../Firmware_bsp/\libhal_bsp.a(alt_dcache_flush_all.o)
 .comment       0x0000000000000023       0x24 ../Firmware_bsp/\libhal_bsp.a(alt_dev.o)
 .comment       0x0000000000000023       0x24 ../Firmware_bsp/\libhal_bsp.a(alt_dev_llist_insert.o)
 .comment       0x0000000000000023       0x24 ../Firmware_bsp/\libhal_bsp.a(alt_errno.o)
 .comment       0x0000000000000023       0x24 ../Firmware_bsp/\libhal_bsp.a(alt_icache_flush_all.o)
 .comment       0x0000000000000023       0x24 ../Firmware_bsp/\libhal_bsp.a(alt_iic.o)
 .comment       0x0000000000000023       0x24 ../Firmware_bsp/\libhal_bsp.a(alt_iic_isr_register.o)
 .comment       0x0000000000000023       0x24 ../Firmware_bsp/\libhal_bsp.a(alt_io_redirect.o)
 .comment       0x0000000000000023       0x24 ../Firmware_bsp/\libhal_bsp.a(alt_irq_handler.o)
 .comment       0x0000000000000023       0x24 ../Firmware_bsp/\libhal_bsp.a(alt_irq_vars.o)
 .comment       0x0000000000000023       0x24 ../Firmware_bsp/\libhal_bsp.a(alt_open.o)
 .comment       0x0000000000000023       0x24 ../Firmware_bsp/\libhal_bsp.a(alt_release_fd.o)
 .comment       0x0000000000000023       0x24 ../Firmware_bsp/\libhal_bsp.a(alt_tick.o)
 .comment       0x0000000000000023       0x24 ../Firmware_bsp/\libhal_bsp.a(altera_nios2_gen2_irq.o)
 .comment       0x0000000000000023       0x24 ../Firmware_bsp/\libhal_bsp.a(alt_find_dev.o)
 .comment       0x0000000000000023       0x24 ../Firmware_bsp/\libhal_bsp.a(alt_find_file.o)
 .comment       0x0000000000000023       0x24 ../Firmware_bsp/\libhal_bsp.a(alt_get_fd.o)
 .comment       0x0000000000000023       0x24 ../Firmware_bsp/\libhal_bsp.a(alt_instruction_exception_entry.o)
 .comment       0x0000000000000023       0x24 c:/intelfpga/18.0l/nios2eds/bin/gnu/h-x86_64-mingw32/bin/../lib/gcc/nios2-elf/5.3.0/../../../../../H-x86_64-mingw32/nios2-elf/lib/mno-hw-mul\libsmallc.a(lib_a-exit.o)
 .comment       0x0000000000000023       0x24 c:/intelfpga/18.0l/nios2eds/bin/gnu/h-x86_64-mingw32/bin/../lib/gcc/nios2-elf/5.3.0/../../../../../H-x86_64-mingw32/nios2-elf/lib/mno-hw-mul\libsmallc.a(lib_a-memcmp.o)
 .comment       0x0000000000000023       0x24 c:/intelfpga/18.0l/nios2eds/bin/gnu/h-x86_64-mingw32/bin/../lib/gcc/nios2-elf/5.3.0/../../../../../H-x86_64-mingw32/nios2-elf/lib/mno-hw-mul\libsmallc.a(lib_a-memcpy.o)
 .comment       0x0000000000000023       0x24 c:/intelfpga/18.0l/nios2eds/bin/gnu/h-x86_64-mingw32/bin/../lib/gcc/nios2-elf/5.3.0/../../../../../H-x86_64-mingw32/nios2-elf/lib/mno-hw-mul\libsmallc.a(lib_a-__call_atexit.o)
 .comment       0x0000000000000023       0x24 c:/intelfpga/18.0l/nios2eds/bin/gnu/h-x86_64-mingw32/bin/../lib/gcc/nios2-elf/5.3.0/mno-hw-mul\libgcc.a(lib2-mul.o)
 .comment       0x0000000000000023       0x24 ../Firmware_bsp/\libhal_bsp.a(alt_exit.o)

.debug
 *(.debug)

.line
 *(.line)

.debug_srcinfo
 *(.debug_srcinfo)

.debug_sfnames
 *(.debug_sfnames)

.debug_aranges  0x0000000000000000      0x5c0
 *(.debug_aranges)
 .debug_aranges
                0x0000000000000000       0x28 ../Firmware_bsp//obj/HAL/src/crt0.o
 .debug_aranges
                0x0000000000000028       0x20 obj/default/main.o
 .debug_aranges
                0x0000000000000048       0x28 c:/intelfpga/18.0l/nios2eds/bin/gnu/h-x86_64-mingw32/bin/../lib/gcc/nios2-elf/5.3.0/../../../../../H-x86_64-mingw32/nios2-elf/lib/mno-hw-mul\libsmallc.a(lib_a-puts.o)
 .debug_aranges
                0x0000000000000070       0x20 c:/intelfpga/18.0l/nios2eds/bin/gnu/h-x86_64-mingw32/bin/../lib/gcc/nios2-elf/5.3.0/../../../../../H-x86_64-mingw32/nios2-elf/lib/mno-hw-mul\libsmallc.a(lib_a-strlen.o)
 .debug_aranges
                0x0000000000000090       0x20 c:/intelfpga/18.0l/nios2eds/bin/gnu/h-x86_64-mingw32/bin/../lib/gcc/nios2-elf/5.3.0/../../../../../H-x86_64-mingw32/nios2-elf/lib/mno-hw-mul\libsmallc.a(lib_a-fvwrite_small_dev.o)
 .debug_aranges
                0x00000000000000b0       0x18 c:/intelfpga/18.0l/nios2eds/bin/gnu/h-x86_64-mingw32/bin/../lib/gcc/nios2-elf/5.3.0/../../../../../H-x86_64-mingw32/nios2-elf/lib/mno-hw-mul\libsmallc.a(lib_a-impure.o)
 .debug_aranges
                0x00000000000000c8       0x20 c:/intelfpga/18.0l/nios2eds/bin/gnu/h-x86_64-mingw32/bin/../lib/gcc/nios2-elf/5.3.0/../../../../../H-x86_64-mingw32/nios2-elf/lib/mno-hw-mul\libsmallc.a(lib_a-writer.o)
 .debug_aranges
                0x00000000000000e8       0x18 c:/intelfpga/18.0l/nios2eds/bin/gnu/h-x86_64-mingw32/bin/../lib/gcc/nios2-elf/5.3.0/../../../../../H-x86_64-mingw32/nios2-elf/lib/mno-hw-mul\libsmallc.a(lib_a-int_errno.o)
 .debug_aranges
                0x0000000000000100       0x20 ../Firmware_bsp/\libhal_bsp.a(alt_load.o)
 .debug_aranges
                0x0000000000000120       0x20 ../Firmware_bsp/\libhal_bsp.a(alt_main.o)
 .debug_aranges
                0x0000000000000140       0x20 ../Firmware_bsp/\libhal_bsp.a(alt_write.o)
 .debug_aranges
                0x0000000000000160       0x20 ../Firmware_bsp/\libhal_bsp.a(alt_sys_init.o)
 .debug_aranges
                0x0000000000000180       0x20 ../Firmware_bsp/\libhal_bsp.a(altera_avalon_jtag_uart_fd.o)
 .debug_aranges
                0x00000000000001a0       0x20 ../Firmware_bsp/\libhal_bsp.a(altera_avalon_jtag_uart_init.o)
 .debug_aranges
                0x00000000000001c0       0x20 ../Firmware_bsp/\libhal_bsp.a(altera_avalon_jtag_uart_ioctl.o)
 .debug_aranges
                0x00000000000001e0       0x20 ../Firmware_bsp/\libhal_bsp.a(altera_avalon_jtag_uart_read.o)
 .debug_aranges
                0x0000000000000200       0x20 ../Firmware_bsp/\libhal_bsp.a(altera_avalon_jtag_uart_write.o)
 .debug_aranges
                0x0000000000000220       0x20 ../Firmware_bsp/\libhal_bsp.a(alt_alarm_start.o)
 .debug_aranges
                0x0000000000000240       0x20 ../Firmware_bsp/\libhal_bsp.a(alt_close.o)
 .debug_aranges
                0x0000000000000260       0x20 ../Firmware_bsp/\libhal_bsp.a(alt_dcache_flush_all.o)
 .debug_aranges
                0x0000000000000280       0x20 ../Firmware_bsp/\libhal_bsp.a(alt_dev.o)
 .debug_aranges
                0x00000000000002a0       0x20 ../Firmware_bsp/\libhal_bsp.a(alt_dev_llist_insert.o)
 .debug_aranges
                0x00000000000002c0       0x18 ../Firmware_bsp/\libhal_bsp.a(alt_errno.o)
 .debug_aranges
                0x00000000000002d8       0x20 ../Firmware_bsp/\libhal_bsp.a(alt_icache_flush_all.o)
 .debug_aranges
                0x00000000000002f8       0x20 ../Firmware_bsp/\libhal_bsp.a(alt_iic.o)
 .debug_aranges
                0x0000000000000318       0x20 ../Firmware_bsp/\libhal_bsp.a(alt_iic_isr_register.o)
 .debug_aranges
                0x0000000000000338       0x20 ../Firmware_bsp/\libhal_bsp.a(alt_io_redirect.o)
 .debug_aranges
                0x0000000000000358       0x30 ../Firmware_bsp/\libhal_bsp.a(alt_irq_entry.o)
 .debug_aranges
                0x0000000000000388       0x20 ../Firmware_bsp/\libhal_bsp.a(alt_irq_handler.o)
 .debug_aranges
                0x00000000000003a8       0x18 ../Firmware_bsp/\libhal_bsp.a(alt_irq_vars.o)
 .debug_aranges
                0x00000000000003c0       0x20 ../Firmware_bsp/\libhal_bsp.a(alt_open.o)
 .debug_aranges
                0x00000000000003e0       0x20 ../Firmware_bsp/\libhal_bsp.a(alt_release_fd.o)
 .debug_aranges
                0x0000000000000400       0x20 ../Firmware_bsp/\libhal_bsp.a(alt_tick.o)
 .debug_aranges
                0x0000000000000420       0x20 ../Firmware_bsp/\libhal_bsp.a(altera_nios2_gen2_irq.o)
 .debug_aranges
                0x0000000000000440       0x38 ../Firmware_bsp/\libhal_bsp.a(alt_exception_entry.o)
 .debug_aranges
                0x0000000000000478       0x20 ../Firmware_bsp/\libhal_bsp.a(alt_find_dev.o)
 .debug_aranges
                0x0000000000000498       0x20 ../Firmware_bsp/\libhal_bsp.a(alt_find_file.o)
 .debug_aranges
                0x00000000000004b8       0x20 ../Firmware_bsp/\libhal_bsp.a(alt_get_fd.o)
 .debug_aranges
                0x00000000000004d8       0x28 ../Firmware_bsp/\libhal_bsp.a(alt_instruction_exception_entry.o)
 .debug_aranges
                0x0000000000000500       0x20 c:/intelfpga/18.0l/nios2eds/bin/gnu/h-x86_64-mingw32/bin/../lib/gcc/nios2-elf/5.3.0/../../../../../H-x86_64-mingw32/nios2-elf/lib/mno-hw-mul\libsmallc.a(lib_a-exit.o)
 .debug_aranges
                0x0000000000000520       0x20 c:/intelfpga/18.0l/nios2eds/bin/gnu/h-x86_64-mingw32/bin/../lib/gcc/nios2-elf/5.3.0/../../../../../H-x86_64-mingw32/nios2-elf/lib/mno-hw-mul\libsmallc.a(lib_a-memcmp.o)
 .debug_aranges
                0x0000000000000540       0x20 c:/intelfpga/18.0l/nios2eds/bin/gnu/h-x86_64-mingw32/bin/../lib/gcc/nios2-elf/5.3.0/../../../../../H-x86_64-mingw32/nios2-elf/lib/mno-hw-mul\libsmallc.a(lib_a-memcpy.o)
 .debug_aranges
                0x0000000000000560       0x20 c:/intelfpga/18.0l/nios2eds/bin/gnu/h-x86_64-mingw32/bin/../lib/gcc/nios2-elf/5.3.0/../../../../../H-x86_64-mingw32/nios2-elf/lib/mno-hw-mul\libsmallc.a(lib_a-__call_atexit.o)
 .debug_aranges
                0x0000000000000580       0x20 c:/intelfpga/18.0l/nios2eds/bin/gnu/h-x86_64-mingw32/bin/../lib/gcc/nios2-elf/5.3.0/mno-hw-mul\libgcc.a(lib2-mul.o)
 .debug_aranges
                0x00000000000005a0       0x20 ../Firmware_bsp/\libhal_bsp.a(alt_exit.o)

.debug_pubnames
 *(.debug_pubnames)

.debug_info     0x0000000000000000     0x7351
 *(.debug_info .gnu.linkonce.wi.*)
 .debug_info    0x0000000000000000       0x8a ../Firmware_bsp//obj/HAL/src/crt0.o
 .debug_info    0x000000000000008a       0xbc obj/default/main.o
 .debug_info    0x0000000000000146      0x66d c:/intelfpga/18.0l/nios2eds/bin/gnu/h-x86_64-mingw32/bin/../lib/gcc/nios2-elf/5.3.0/../../../../../H-x86_64-mingw32/nios2-elf/lib/mno-hw-mul\libsmallc.a(lib_a-puts.o)
 .debug_info    0x00000000000007b3       0xc9 c:/intelfpga/18.0l/nios2eds/bin/gnu/h-x86_64-mingw32/bin/../lib/gcc/nios2-elf/5.3.0/../../../../../H-x86_64-mingw32/nios2-elf/lib/mno-hw-mul\libsmallc.a(lib_a-strlen.o)
 .debug_info    0x000000000000087c      0x62b c:/intelfpga/18.0l/nios2eds/bin/gnu/h-x86_64-mingw32/bin/../lib/gcc/nios2-elf/5.3.0/../../../../../H-x86_64-mingw32/nios2-elf/lib/mno-hw-mul\libsmallc.a(lib_a-fvwrite_small_dev.o)
 .debug_info    0x0000000000000ea7      0x5a9 c:/intelfpga/18.0l/nios2eds/bin/gnu/h-x86_64-mingw32/bin/../lib/gcc/nios2-elf/5.3.0/../../../../../H-x86_64-mingw32/nios2-elf/lib/mno-hw-mul\libsmallc.a(lib_a-impure.o)
 .debug_info    0x0000000000001450      0x630 c:/intelfpga/18.0l/nios2eds/bin/gnu/h-x86_64-mingw32/bin/../lib/gcc/nios2-elf/5.3.0/../../../../../H-x86_64-mingw32/nios2-elf/lib/mno-hw-mul\libsmallc.a(lib_a-writer.o)
 .debug_info    0x0000000000001a80       0x8a c:/intelfpga/18.0l/nios2eds/bin/gnu/h-x86_64-mingw32/bin/../lib/gcc/nios2-elf/5.3.0/../../../../../H-x86_64-mingw32/nios2-elf/lib/mno-hw-mul\libsmallc.a(lib_a-int_errno.o)
 .debug_info    0x0000000000001b0a      0x145 ../Firmware_bsp/\libhal_bsp.a(alt_load.o)
 .debug_info    0x0000000000001c4f      0x131 ../Firmware_bsp/\libhal_bsp.a(alt_main.o)
 .debug_info    0x0000000000001d80      0x4b7 ../Firmware_bsp/\libhal_bsp.a(alt_write.o)
 .debug_info    0x0000000000002237      0x4c3 ../Firmware_bsp/\libhal_bsp.a(alt_sys_init.o)
 .debug_info    0x00000000000026fa      0x52e ../Firmware_bsp/\libhal_bsp.a(altera_avalon_jtag_uart_fd.o)
 .debug_info    0x0000000000002c28      0x3a0 ../Firmware_bsp/\libhal_bsp.a(altera_avalon_jtag_uart_init.o)
 .debug_info    0x0000000000002fc8      0x280 ../Firmware_bsp/\libhal_bsp.a(altera_avalon_jtag_uart_ioctl.o)
 .debug_info    0x0000000000003248      0x345 ../Firmware_bsp/\libhal_bsp.a(altera_avalon_jtag_uart_read.o)
 .debug_info    0x000000000000358d      0x340 ../Firmware_bsp/\libhal_bsp.a(altera_avalon_jtag_uart_write.o)
 .debug_info    0x00000000000038cd      0x2cc ../Firmware_bsp/\libhal_bsp.a(alt_alarm_start.o)
 .debug_info    0x0000000000003b99      0x321 ../Firmware_bsp/\libhal_bsp.a(alt_close.o)
 .debug_info    0x0000000000003eba       0x92 ../Firmware_bsp/\libhal_bsp.a(alt_dcache_flush_all.o)
 .debug_info    0x0000000000003f4c      0x49c ../Firmware_bsp/\libhal_bsp.a(alt_dev.o)
 .debug_info    0x00000000000043e8      0x1a9 ../Firmware_bsp/\libhal_bsp.a(alt_dev_llist_insert.o)
 .debug_info    0x0000000000004591       0xa6 ../Firmware_bsp/\libhal_bsp.a(alt_errno.o)
 .debug_info    0x0000000000004637       0x92 ../Firmware_bsp/\libhal_bsp.a(alt_icache_flush_all.o)
 .debug_info    0x00000000000046c9      0x350 ../Firmware_bsp/\libhal_bsp.a(alt_iic.o)
 .debug_info    0x0000000000004a19      0x1ef ../Firmware_bsp/\libhal_bsp.a(alt_iic_isr_register.o)
 .debug_info    0x0000000000004c08      0x4a5 ../Firmware_bsp/\libhal_bsp.a(alt_io_redirect.o)
 .debug_info    0x00000000000050ad       0x93 ../Firmware_bsp/\libhal_bsp.a(alt_irq_entry.o)
 .debug_info    0x0000000000005140      0x187 ../Firmware_bsp/\libhal_bsp.a(alt_irq_handler.o)
 .debug_info    0x00000000000052c7       0x88 ../Firmware_bsp/\libhal_bsp.a(alt_irq_vars.o)
 .debug_info    0x000000000000534f      0x3bb ../Firmware_bsp/\libhal_bsp.a(alt_open.o)
 .debug_info    0x000000000000570a      0x2b0 ../Firmware_bsp/\libhal_bsp.a(alt_release_fd.o)
 .debug_info    0x00000000000059ba      0x299 ../Firmware_bsp/\libhal_bsp.a(alt_tick.o)
 .debug_info    0x0000000000005c53       0x92 ../Firmware_bsp/\libhal_bsp.a(altera_nios2_gen2_irq.o)
 .debug_info    0x0000000000005ce5       0x99 ../Firmware_bsp/\libhal_bsp.a(alt_exception_entry.o)
 .debug_info    0x0000000000005d7e      0x2e9 ../Firmware_bsp/\libhal_bsp.a(alt_find_dev.o)
 .debug_info    0x0000000000006067      0x2e6 ../Firmware_bsp/\libhal_bsp.a(alt_find_file.o)
 .debug_info    0x000000000000634d      0x310 ../Firmware_bsp/\libhal_bsp.a(alt_get_fd.o)
 .debug_info    0x000000000000665d      0x1e7 ../Firmware_bsp/\libhal_bsp.a(alt_instruction_exception_entry.o)
 .debug_info    0x0000000000006844       0xe5 c:/intelfpga/18.0l/nios2eds/bin/gnu/h-x86_64-mingw32/bin/../lib/gcc/nios2-elf/5.3.0/../../../../../H-x86_64-mingw32/nios2-elf/lib/mno-hw-mul\libsmallc.a(lib_a-exit.o)
 .debug_info    0x0000000000006929       0xf4 c:/intelfpga/18.0l/nios2eds/bin/gnu/h-x86_64-mingw32/bin/../lib/gcc/nios2-elf/5.3.0/../../../../../H-x86_64-mingw32/nios2-elf/lib/mno-hw-mul\libsmallc.a(lib_a-memcmp.o)
 .debug_info    0x0000000000006a1d      0x119 c:/intelfpga/18.0l/nios2eds/bin/gnu/h-x86_64-mingw32/bin/../lib/gcc/nios2-elf/5.3.0/../../../../../H-x86_64-mingw32/nios2-elf/lib/mno-hw-mul\libsmallc.a(lib_a-memcpy.o)
 .debug_info    0x0000000000006b36      0x67b c:/intelfpga/18.0l/nios2eds/bin/gnu/h-x86_64-mingw32/bin/../lib/gcc/nios2-elf/5.3.0/../../../../../H-x86_64-mingw32/nios2-elf/lib/mno-hw-mul\libsmallc.a(lib_a-__call_atexit.o)
 .debug_info    0x00000000000071b1       0xb4 c:/intelfpga/18.0l/nios2eds/bin/gnu/h-x86_64-mingw32/bin/../lib/gcc/nios2-elf/5.3.0/mno-hw-mul\libgcc.a(lib2-mul.o)
 .debug_info    0x0000000000007265       0xec ../Firmware_bsp/\libhal_bsp.a(alt_exit.o)

.debug_abbrev   0x0000000000000000     0x29e3
 *(.debug_abbrev)
 .debug_abbrev  0x0000000000000000       0x12 ../Firmware_bsp//obj/HAL/src/crt0.o
 .debug_abbrev  0x0000000000000012       0x6d obj/default/main.o
 .debug_abbrev  0x000000000000007f      0x1d6 c:/intelfpga/18.0l/nios2eds/bin/gnu/h-x86_64-mingw32/bin/../lib/gcc/nios2-elf/5.3.0/../../../../../H-x86_64-mingw32/nios2-elf/lib/mno-hw-mul\libsmallc.a(lib_a-puts.o)
 .debug_abbrev  0x0000000000000255       0x7f c:/intelfpga/18.0l/nios2eds/bin/gnu/h-x86_64-mingw32/bin/../lib/gcc/nios2-elf/5.3.0/../../../../../H-x86_64-mingw32/nios2-elf/lib/mno-hw-mul\libsmallc.a(lib_a-strlen.o)
 .debug_abbrev  0x00000000000002d4      0x1bc c:/intelfpga/18.0l/nios2eds/bin/gnu/h-x86_64-mingw32/bin/../lib/gcc/nios2-elf/5.3.0/../../../../../H-x86_64-mingw32/nios2-elf/lib/mno-hw-mul\libsmallc.a(lib_a-fvwrite_small_dev.o)
 .debug_abbrev  0x0000000000000490      0x14a c:/intelfpga/18.0l/nios2eds/bin/gnu/h-x86_64-mingw32/bin/../lib/gcc/nios2-elf/5.3.0/../../../../../H-x86_64-mingw32/nios2-elf/lib/mno-hw-mul\libsmallc.a(lib_a-impure.o)
 .debug_abbrev  0x00000000000005da      0x1a6 c:/intelfpga/18.0l/nios2eds/bin/gnu/h-x86_64-mingw32/bin/../lib/gcc/nios2-elf/5.3.0/../../../../../H-x86_64-mingw32/nios2-elf/lib/mno-hw-mul\libsmallc.a(lib_a-writer.o)
 .debug_abbrev  0x0000000000000780       0x37 c:/intelfpga/18.0l/nios2eds/bin/gnu/h-x86_64-mingw32/bin/../lib/gcc/nios2-elf/5.3.0/../../../../../H-x86_64-mingw32/nios2-elf/lib/mno-hw-mul\libsmallc.a(lib_a-int_errno.o)
 .debug_abbrev  0x00000000000007b7       0x9f ../Firmware_bsp/\libhal_bsp.a(alt_load.o)
 .debug_abbrev  0x0000000000000856       0xba ../Firmware_bsp/\libhal_bsp.a(alt_main.o)
 .debug_abbrev  0x0000000000000910      0x133 ../Firmware_bsp/\libhal_bsp.a(alt_write.o)
 .debug_abbrev  0x0000000000000a43      0x187 ../Firmware_bsp/\libhal_bsp.a(alt_sys_init.o)
 .debug_abbrev  0x0000000000000bca      0x127 ../Firmware_bsp/\libhal_bsp.a(altera_avalon_jtag_uart_fd.o)
 .debug_abbrev  0x0000000000000cf1      0x19e ../Firmware_bsp/\libhal_bsp.a(altera_avalon_jtag_uart_init.o)
 .debug_abbrev  0x0000000000000e8f      0x111 ../Firmware_bsp/\libhal_bsp.a(altera_avalon_jtag_uart_ioctl.o)
 .debug_abbrev  0x0000000000000fa0      0x1aa ../Firmware_bsp/\libhal_bsp.a(altera_avalon_jtag_uart_read.o)
 .debug_abbrev  0x000000000000114a      0x1a8 ../Firmware_bsp/\libhal_bsp.a(altera_avalon_jtag_uart_write.o)
 .debug_abbrev  0x00000000000012f2      0x162 ../Firmware_bsp/\libhal_bsp.a(alt_alarm_start.o)
 .debug_abbrev  0x0000000000001454      0x11f ../Firmware_bsp/\libhal_bsp.a(alt_close.o)
 .debug_abbrev  0x0000000000001573       0x42 ../Firmware_bsp/\libhal_bsp.a(alt_dcache_flush_all.o)
 .debug_abbrev  0x00000000000015b5       0xd9 ../Firmware_bsp/\libhal_bsp.a(alt_dev.o)
 .debug_abbrev  0x000000000000168e      0x114 ../Firmware_bsp/\libhal_bsp.a(alt_dev_llist_insert.o)
 .debug_abbrev  0x00000000000017a2       0x5a ../Firmware_bsp/\libhal_bsp.a(alt_errno.o)
 .debug_abbrev  0x00000000000017fc       0x42 ../Firmware_bsp/\libhal_bsp.a(alt_icache_flush_all.o)
 .debug_abbrev  0x000000000000183e      0x163 ../Firmware_bsp/\libhal_bsp.a(alt_iic.o)
 .debug_abbrev  0x00000000000019a1      0x169 ../Firmware_bsp/\libhal_bsp.a(alt_iic_isr_register.o)
 .debug_abbrev  0x0000000000001b0a      0x114 ../Firmware_bsp/\libhal_bsp.a(alt_io_redirect.o)
 .debug_abbrev  0x0000000000001c1e       0x12 ../Firmware_bsp/\libhal_bsp.a(alt_irq_entry.o)
 .debug_abbrev  0x0000000000001c30      0x122 ../Firmware_bsp/\libhal_bsp.a(alt_irq_handler.o)
 .debug_abbrev  0x0000000000001d52       0x40 ../Firmware_bsp/\libhal_bsp.a(alt_irq_vars.o)
 .debug_abbrev  0x0000000000001d92      0x148 ../Firmware_bsp/\libhal_bsp.a(alt_open.o)
 .debug_abbrev  0x0000000000001eda       0xde ../Firmware_bsp/\libhal_bsp.a(alt_release_fd.o)
 .debug_abbrev  0x0000000000001fb8      0x15a ../Firmware_bsp/\libhal_bsp.a(alt_tick.o)
 .debug_abbrev  0x0000000000002112       0x42 ../Firmware_bsp/\libhal_bsp.a(altera_nios2_gen2_irq.o)
 .debug_abbrev  0x0000000000002154       0x12 ../Firmware_bsp/\libhal_bsp.a(alt_exception_entry.o)
 .debug_abbrev  0x0000000000002166       0xf0 ../Firmware_bsp/\libhal_bsp.a(alt_find_dev.o)
 .debug_abbrev  0x0000000000002256       0xf0 ../Firmware_bsp/\libhal_bsp.a(alt_find_file.o)
 .debug_abbrev  0x0000000000002346      0x10d ../Firmware_bsp/\libhal_bsp.a(alt_get_fd.o)
 .debug_abbrev  0x0000000000002453       0xdc ../Firmware_bsp/\libhal_bsp.a(alt_instruction_exception_entry.o)
 .debug_abbrev  0x000000000000252f       0x8b c:/intelfpga/18.0l/nios2eds/bin/gnu/h-x86_64-mingw32/bin/../lib/gcc/nios2-elf/5.3.0/../../../../../H-x86_64-mingw32/nios2-elf/lib/mno-hw-mul\libsmallc.a(lib_a-exit.o)
 .debug_abbrev  0x00000000000025ba       0x7f c:/intelfpga/18.0l/nios2eds/bin/gnu/h-x86_64-mingw32/bin/../lib/gcc/nios2-elf/5.3.0/../../../../../H-x86_64-mingw32/nios2-elf/lib/mno-hw-mul\libsmallc.a(lib_a-memcmp.o)
 .debug_abbrev  0x0000000000002639       0x9c c:/intelfpga/18.0l/nios2eds/bin/gnu/h-x86_64-mingw32/bin/../lib/gcc/nios2-elf/5.3.0/../../../../../H-x86_64-mingw32/nios2-elf/lib/mno-hw-mul\libsmallc.a(lib_a-memcpy.o)
 .debug_abbrev  0x00000000000026d5      0x1f6 c:/intelfpga/18.0l/nios2eds/bin/gnu/h-x86_64-mingw32/bin/../lib/gcc/nios2-elf/5.3.0/../../../../../H-x86_64-mingw32/nios2-elf/lib/mno-hw-mul\libsmallc.a(lib_a-__call_atexit.o)
 .debug_abbrev  0x00000000000028cb       0x6f c:/intelfpga/18.0l/nios2eds/bin/gnu/h-x86_64-mingw32/bin/../lib/gcc/nios2-elf/5.3.0/mno-hw-mul\libgcc.a(lib2-mul.o)
 .debug_abbrev  0x000000000000293a       0xa9 ../Firmware_bsp/\libhal_bsp.a(alt_exit.o)

.debug_line     0x0000000000000000     0x2c79
 *(.debug_line)
 .debug_line    0x0000000000000000       0x66 ../Firmware_bsp//obj/HAL/src/crt0.o
 .debug_line    0x0000000000000066       0x85 obj/default/main.o
 .debug_line    0x00000000000000eb      0x206 c:/intelfpga/18.0l/nios2eds/bin/gnu/h-x86_64-mingw32/bin/../lib/gcc/nios2-elf/5.3.0/../../../../../H-x86_64-mingw32/nios2-elf/lib/mno-hw-mul\libsmallc.a(lib_a-puts.o)
 .debug_line    0x00000000000002f1      0x15c c:/intelfpga/18.0l/nios2eds/bin/gnu/h-x86_64-mingw32/bin/../lib/gcc/nios2-elf/5.3.0/../../../../../H-x86_64-mingw32/nios2-elf/lib/mno-hw-mul\libsmallc.a(lib_a-strlen.o)
 .debug_line    0x000000000000044d      0x1f0 c:/intelfpga/18.0l/nios2eds/bin/gnu/h-x86_64-mingw32/bin/../lib/gcc/nios2-elf/5.3.0/../../../../../H-x86_64-mingw32/nios2-elf/lib/mno-hw-mul\libsmallc.a(lib_a-fvwrite_small_dev.o)
 .debug_line    0x000000000000063d      0x156 c:/intelfpga/18.0l/nios2eds/bin/gnu/h-x86_64-mingw32/bin/../lib/gcc/nios2-elf/5.3.0/../../../../../H-x86_64-mingw32/nios2-elf/lib/mno-hw-mul\libsmallc.a(lib_a-impure.o)
 .debug_line    0x0000000000000793      0x1ed c:/intelfpga/18.0l/nios2eds/bin/gnu/h-x86_64-mingw32/bin/../lib/gcc/nios2-elf/5.3.0/../../../../../H-x86_64-mingw32/nios2-elf/lib/mno-hw-mul\libsmallc.a(lib_a-writer.o)
 .debug_line    0x0000000000000980       0x5f c:/intelfpga/18.0l/nios2eds/bin/gnu/h-x86_64-mingw32/bin/../lib/gcc/nios2-elf/5.3.0/../../../../../H-x86_64-mingw32/nios2-elf/lib/mno-hw-mul\libsmallc.a(lib_a-int_errno.o)
 .debug_line    0x00000000000009df       0x8e ../Firmware_bsp/\libhal_bsp.a(alt_load.o)
 .debug_line    0x0000000000000a6d       0x9e ../Firmware_bsp/\libhal_bsp.a(alt_main.o)
 .debug_line    0x0000000000000b0b      0x1d3 ../Firmware_bsp/\libhal_bsp.a(alt_write.o)
 .debug_line    0x0000000000000cde      0x137 ../Firmware_bsp/\libhal_bsp.a(alt_sys_init.o)
 .debug_line    0x0000000000000e15      0x12f ../Firmware_bsp/\libhal_bsp.a(altera_avalon_jtag_uart_fd.o)
 .debug_line    0x0000000000000f44      0x18b ../Firmware_bsp/\libhal_bsp.a(altera_avalon_jtag_uart_init.o)
 .debug_line    0x00000000000010cf      0x131 ../Firmware_bsp/\libhal_bsp.a(altera_avalon_jtag_uart_ioctl.o)
 .debug_line    0x0000000000001200      0x171 ../Firmware_bsp/\libhal_bsp.a(altera_avalon_jtag_uart_read.o)
 .debug_line    0x0000000000001371      0x170 ../Firmware_bsp/\libhal_bsp.a(altera_avalon_jtag_uart_write.o)
 .debug_line    0x00000000000014e1       0xf9 ../Firmware_bsp/\libhal_bsp.a(alt_alarm_start.o)
 .debug_line    0x00000000000015da      0x161 ../Firmware_bsp/\libhal_bsp.a(alt_close.o)
 .debug_line    0x000000000000173b       0x51 ../Firmware_bsp/\libhal_bsp.a(alt_dcache_flush_all.o)
 .debug_line    0x000000000000178c       0xf4 ../Firmware_bsp/\libhal_bsp.a(alt_dev.o)
 .debug_line    0x0000000000001880       0xcf ../Firmware_bsp/\libhal_bsp.a(alt_dev_llist_insert.o)
 .debug_line    0x000000000000194f       0x51 ../Firmware_bsp/\libhal_bsp.a(alt_errno.o)
 .debug_line    0x00000000000019a0       0x4f ../Firmware_bsp/\libhal_bsp.a(alt_icache_flush_all.o)
 .debug_line    0x00000000000019ef       0xeb ../Firmware_bsp/\libhal_bsp.a(alt_iic.o)
 .debug_line    0x0000000000001ada       0xdb ../Firmware_bsp/\libhal_bsp.a(alt_iic_isr_register.o)
 .debug_line    0x0000000000001bb5      0x131 ../Firmware_bsp/\libhal_bsp.a(alt_io_redirect.o)
 .debug_line    0x0000000000001ce6       0x6b ../Firmware_bsp/\libhal_bsp.a(alt_irq_entry.o)
 .debug_line    0x0000000000001d51       0xaa ../Firmware_bsp/\libhal_bsp.a(alt_irq_handler.o)
 .debug_line    0x0000000000001dfb       0x50 ../Firmware_bsp/\libhal_bsp.a(alt_irq_vars.o)
 .debug_line    0x0000000000001e4b      0x12b ../Firmware_bsp/\libhal_bsp.a(alt_open.o)
 .debug_line    0x0000000000001f76       0xb0 ../Firmware_bsp/\libhal_bsp.a(alt_release_fd.o)
 .debug_line    0x0000000000002026       0xff ../Firmware_bsp/\libhal_bsp.a(alt_tick.o)
 .debug_line    0x0000000000002125       0x51 ../Firmware_bsp/\libhal_bsp.a(altera_nios2_gen2_irq.o)
 .debug_line    0x0000000000002176       0xb3 ../Firmware_bsp/\libhal_bsp.a(alt_exception_entry.o)
 .debug_line    0x0000000000002229       0xb5 ../Firmware_bsp/\libhal_bsp.a(alt_find_dev.o)
 .debug_line    0x00000000000022de       0xd1 ../Firmware_bsp/\libhal_bsp.a(alt_find_file.o)
 .debug_line    0x00000000000023af       0xd7 ../Firmware_bsp/\libhal_bsp.a(alt_get_fd.o)
 .debug_line    0x0000000000002486       0xb9 ../Firmware_bsp/\libhal_bsp.a(alt_instruction_exception_entry.o)
 .debug_line    0x000000000000253f      0x159 c:/intelfpga/18.0l/nios2eds/bin/gnu/h-x86_64-mingw32/bin/../lib/gcc/nios2-elf/5.3.0/../../../../../H-x86_64-mingw32/nios2-elf/lib/mno-hw-mul\libsmallc.a(lib_a-exit.o)
 .debug_line    0x0000000000002698      0x160 c:/intelfpga/18.0l/nios2eds/bin/gnu/h-x86_64-mingw32/bin/../lib/gcc/nios2-elf/5.3.0/../../../../../H-x86_64-mingw32/nios2-elf/lib/mno-hw-mul\libsmallc.a(lib_a-memcmp.o)
 .debug_line    0x00000000000027f8      0x15e c:/intelfpga/18.0l/nios2eds/bin/gnu/h-x86_64-mingw32/bin/../lib/gcc/nios2-elf/5.3.0/../../../../../H-x86_64-mingw32/nios2-elf/lib/mno-hw-mul\libsmallc.a(lib_a-memcpy.o)
 .debug_line    0x0000000000002956      0x232 c:/intelfpga/18.0l/nios2eds/bin/gnu/h-x86_64-mingw32/bin/../lib/gcc/nios2-elf/5.3.0/../../../../../H-x86_64-mingw32/nios2-elf/lib/mno-hw-mul\libsmallc.a(lib_a-__call_atexit.o)
 .debug_line    0x0000000000002b88       0x80 c:/intelfpga/18.0l/nios2eds/bin/gnu/h-x86_64-mingw32/bin/../lib/gcc/nios2-elf/5.3.0/mno-hw-mul\libgcc.a(lib2-mul.o)
 .debug_line    0x0000000000002c08       0x71 ../Firmware_bsp/\libhal_bsp.a(alt_exit.o)

.debug_frame    0x0000000000000000      0xafc
 *(.debug_frame)
 .debug_frame   0x0000000000000000       0x2c obj/default/main.o
 .debug_frame   0x000000000000002c       0x48 c:/intelfpga/18.0l/nios2eds/bin/gnu/h-x86_64-mingw32/bin/../lib/gcc/nios2-elf/5.3.0/../../../../../H-x86_64-mingw32/nios2-elf/lib/mno-hw-mul\libsmallc.a(lib_a-puts.o)
 .debug_frame   0x0000000000000074       0x20 c:/intelfpga/18.0l/nios2eds/bin/gnu/h-x86_64-mingw32/bin/../lib/gcc/nios2-elf/5.3.0/../../../../../H-x86_64-mingw32/nios2-elf/lib/mno-hw-mul\libsmallc.a(lib_a-strlen.o)
 .debug_frame   0x0000000000000094       0x58 c:/intelfpga/18.0l/nios2eds/bin/gnu/h-x86_64-mingw32/bin/../lib/gcc/nios2-elf/5.3.0/../../../../../H-x86_64-mingw32/nios2-elf/lib/mno-hw-mul\libsmallc.a(lib_a-fvwrite_small_dev.o)
 .debug_frame   0x00000000000000ec       0x38 c:/intelfpga/18.0l/nios2eds/bin/gnu/h-x86_64-mingw32/bin/../lib/gcc/nios2-elf/5.3.0/../../../../../H-x86_64-mingw32/nios2-elf/lib/mno-hw-mul\libsmallc.a(lib_a-writer.o)
 .debug_frame   0x0000000000000124       0x5c ../Firmware_bsp/\libhal_bsp.a(alt_load.o)
 .debug_frame   0x0000000000000180       0x2c ../Firmware_bsp/\libhal_bsp.a(alt_main.o)
 .debug_frame   0x00000000000001ac       0x60 ../Firmware_bsp/\libhal_bsp.a(alt_write.o)
 .debug_frame   0x000000000000020c       0x88 ../Firmware_bsp/\libhal_bsp.a(alt_sys_init.o)
 .debug_frame   0x0000000000000294       0xb0 ../Firmware_bsp/\libhal_bsp.a(altera_avalon_jtag_uart_fd.o)
 .debug_frame   0x0000000000000344       0xa4 ../Firmware_bsp/\libhal_bsp.a(altera_avalon_jtag_uart_init.o)
 .debug_frame   0x00000000000003e8       0x34 ../Firmware_bsp/\libhal_bsp.a(altera_avalon_jtag_uart_ioctl.o)
 .debug_frame   0x000000000000041c       0x38 ../Firmware_bsp/\libhal_bsp.a(altera_avalon_jtag_uart_read.o)
 .debug_frame   0x0000000000000454       0x38 ../Firmware_bsp/\libhal_bsp.a(altera_avalon_jtag_uart_write.o)
 .debug_frame   0x000000000000048c       0x34 ../Firmware_bsp/\libhal_bsp.a(alt_alarm_start.o)
 .debug_frame   0x00000000000004c0       0x60 ../Firmware_bsp/\libhal_bsp.a(alt_close.o)
 .debug_frame   0x0000000000000520       0x34 ../Firmware_bsp/\libhal_bsp.a(alt_dcache_flush_all.o)
 .debug_frame   0x0000000000000554       0x34 ../Firmware_bsp/\libhal_bsp.a(alt_dev.o)
 .debug_frame   0x0000000000000588       0x60 ../Firmware_bsp/\libhal_bsp.a(alt_dev_llist_insert.o)
 .debug_frame   0x00000000000005e8       0x34 ../Firmware_bsp/\libhal_bsp.a(alt_icache_flush_all.o)
 .debug_frame   0x000000000000061c       0xa4 ../Firmware_bsp/\libhal_bsp.a(alt_iic.o)
 .debug_frame   0x00000000000006c0       0x38 ../Firmware_bsp/\libhal_bsp.a(alt_iic_isr_register.o)
 .debug_frame   0x00000000000006f8       0x64 ../Firmware_bsp/\libhal_bsp.a(alt_io_redirect.o)
 .debug_frame   0x000000000000075c       0x38 ../Firmware_bsp/\libhal_bsp.a(alt_irq_handler.o)
 .debug_frame   0x0000000000000794       0x8c ../Firmware_bsp/\libhal_bsp.a(alt_open.o)
 .debug_frame   0x0000000000000820       0x3c ../Firmware_bsp/\libhal_bsp.a(alt_release_fd.o)
 .debug_frame   0x000000000000085c       0x5c ../Firmware_bsp/\libhal_bsp.a(alt_tick.o)
 .debug_frame   0x00000000000008b8       0x34 ../Firmware_bsp/\libhal_bsp.a(altera_nios2_gen2_irq.o)
 .debug_frame   0x00000000000008ec       0x38 ../Firmware_bsp/\libhal_bsp.a(alt_find_dev.o)
 .debug_frame   0x0000000000000924       0x38 ../Firmware_bsp/\libhal_bsp.a(alt_find_file.o)
 .debug_frame   0x000000000000095c       0x3c ../Firmware_bsp/\libhal_bsp.a(alt_get_fd.o)
 .debug_frame   0x0000000000000998       0x5c ../Firmware_bsp/\libhal_bsp.a(alt_instruction_exception_entry.o)
 .debug_frame   0x00000000000009f4       0x28 c:/intelfpga/18.0l/nios2eds/bin/gnu/h-x86_64-mingw32/bin/../lib/gcc/nios2-elf/5.3.0/../../../../../H-x86_64-mingw32/nios2-elf/lib/mno-hw-mul\libsmallc.a(lib_a-exit.o)
 .debug_frame   0x0000000000000a1c       0x20 c:/intelfpga/18.0l/nios2eds/bin/gnu/h-x86_64-mingw32/bin/../lib/gcc/nios2-elf/5.3.0/../../../../../H-x86_64-mingw32/nios2-elf/lib/mno-hw-mul\libsmallc.a(lib_a-memcmp.o)
 .debug_frame   0x0000000000000a3c       0x20 c:/intelfpga/18.0l/nios2eds/bin/gnu/h-x86_64-mingw32/bin/../lib/gcc/nios2-elf/5.3.0/../../../../../H-x86_64-mingw32/nios2-elf/lib/mno-hw-mul\libsmallc.a(lib_a-memcpy.o)
 .debug_frame   0x0000000000000a5c       0x54 c:/intelfpga/18.0l/nios2eds/bin/gnu/h-x86_64-mingw32/bin/../lib/gcc/nios2-elf/5.3.0/../../../../../H-x86_64-mingw32/nios2-elf/lib/mno-hw-mul\libsmallc.a(lib_a-__call_atexit.o)
 .debug_frame   0x0000000000000ab0       0x20 c:/intelfpga/18.0l/nios2eds/bin/gnu/h-x86_64-mingw32/bin/../lib/gcc/nios2-elf/5.3.0/mno-hw-mul\libgcc.a(lib2-mul.o)
 .debug_frame   0x0000000000000ad0       0x2c ../Firmware_bsp/\libhal_bsp.a(alt_exit.o)

.debug_str      0x0000000000000000     0x1b08
 *(.debug_str)
 .debug_str     0x0000000000000000      0x10c obj/default/main.o
                                        0x151 (size before relaxing)
 .debug_str     0x000000000000010c      0x3f3 c:/intelfpga/18.0l/nios2eds/bin/gnu/h-x86_64-mingw32/bin/../lib/gcc/nios2-elf/5.3.0/../../../../../H-x86_64-mingw32/nios2-elf/lib/mno-hw-mul\libsmallc.a(lib_a-puts.o)
                                        0x4cd (size before relaxing)
 .debug_str     0x00000000000004ff       0xd2 c:/intelfpga/18.0l/nios2eds/bin/gnu/h-x86_64-mingw32/bin/../lib/gcc/nios2-elf/5.3.0/../../../../../H-x86_64-mingw32/nios2-elf/lib/mno-hw-mul\libsmallc.a(lib_a-strlen.o)
                                        0x1e5 (size before relaxing)
 .debug_str     0x00000000000005d1       0x63 c:/intelfpga/18.0l/nios2eds/bin/gnu/h-x86_64-mingw32/bin/../lib/gcc/nios2-elf/5.3.0/../../../../../H-x86_64-mingw32/nios2-elf/lib/mno-hw-mul\libsmallc.a(lib_a-fvwrite_small_dev.o)
                                        0x4d4 (size before relaxing)
 .debug_str     0x0000000000000634       0xef c:/intelfpga/18.0l/nios2eds/bin/gnu/h-x86_64-mingw32/bin/../lib/gcc/nios2-elf/5.3.0/../../../../../H-x86_64-mingw32/nios2-elf/lib/mno-hw-mul\libsmallc.a(lib_a-impure.o)
                                        0x4be (size before relaxing)
 .debug_str     0x0000000000000723       0x45 c:/intelfpga/18.0l/nios2eds/bin/gnu/h-x86_64-mingw32/bin/../lib/gcc/nios2-elf/5.3.0/../../../../../H-x86_64-mingw32/nios2-elf/lib/mno-hw-mul\libsmallc.a(lib_a-writer.o)
                                        0x4b8 (size before relaxing)
 .debug_str     0x0000000000000768       0x3f c:/intelfpga/18.0l/nios2eds/bin/gnu/h-x86_64-mingw32/bin/../lib/gcc/nios2-elf/5.3.0/../../../../../H-x86_64-mingw32/nios2-elf/lib/mno-hw-mul\libsmallc.a(lib_a-int_errno.o)
                                        0x1d8 (size before relaxing)
 .debug_str     0x00000000000007a7      0x147 ../Firmware_bsp/\libhal_bsp.a(alt_load.o)
                                        0x22e (size before relaxing)
 .debug_str     0x00000000000008ee       0x70 ../Firmware_bsp/\libhal_bsp.a(alt_main.o)
                                        0x1b9 (size before relaxing)
 .debug_str     0x000000000000095e      0x153 ../Firmware_bsp/\libhal_bsp.a(alt_write.o)
                                        0x314 (size before relaxing)
 .debug_str     0x0000000000000ab1      0x15a ../Firmware_bsp/\libhal_bsp.a(alt_sys_init.o)
                                        0x374 (size before relaxing)
 .debug_str     0x0000000000000c0b       0xb9 ../Firmware_bsp/\libhal_bsp.a(altera_avalon_jtag_uart_fd.o)
                                        0x3c0 (size before relaxing)
 .debug_str     0x0000000000000cc4       0xd1 ../Firmware_bsp/\libhal_bsp.a(altera_avalon_jtag_uart_init.o)
                                        0x354 (size before relaxing)
 .debug_str     0x0000000000000d95       0x4a ../Firmware_bsp/\libhal_bsp.a(altera_avalon_jtag_uart_ioctl.o)
                                        0x2af (size before relaxing)
 .debug_str     0x0000000000000ddf       0x7f ../Firmware_bsp/\libhal_bsp.a(altera_avalon_jtag_uart_read.o)
                                        0x304 (size before relaxing)
 .debug_str     0x0000000000000e5e       0x4a ../Firmware_bsp/\libhal_bsp.a(altera_avalon_jtag_uart_write.o)
                                        0x305 (size before relaxing)
 .debug_str     0x0000000000000ea8       0x59 ../Firmware_bsp/\libhal_bsp.a(alt_alarm_start.o)
                                        0x29a (size before relaxing)
 .debug_str     0x0000000000000f01       0x1b ../Firmware_bsp/\libhal_bsp.a(alt_close.o)
                                        0x227 (size before relaxing)
 .debug_str     0x0000000000000f1c       0x34 ../Firmware_bsp/\libhal_bsp.a(alt_dcache_flush_all.o)
                                        0x171 (size before relaxing)
 .debug_str     0x0000000000000f50       0x50 ../Firmware_bsp/\libhal_bsp.a(alt_dev.o)
                                        0x321 (size before relaxing)
 .debug_str     0x0000000000000fa0       0x34 ../Firmware_bsp/\libhal_bsp.a(alt_dev_llist_insert.o)
                                        0x1e8 (size before relaxing)
 .debug_str     0x0000000000000fd4       0x14 ../Firmware_bsp/\libhal_bsp.a(alt_errno.o)
                                        0x161 (size before relaxing)
 .debug_str     0x0000000000000fe8       0x34 ../Firmware_bsp/\libhal_bsp.a(alt_icache_flush_all.o)
                                        0x171 (size before relaxing)
 .debug_str     0x000000000000101c       0xc4 ../Firmware_bsp/\libhal_bsp.a(alt_iic.o)
                                        0x25a (size before relaxing)
 .debug_str     0x00000000000010e0       0x4c ../Firmware_bsp/\libhal_bsp.a(alt_iic_isr_register.o)
                                        0x204 (size before relaxing)
 .debug_str     0x000000000000112c       0x56 ../Firmware_bsp/\libhal_bsp.a(alt_io_redirect.o)
                                        0x332 (size before relaxing)
 .debug_str     0x0000000000001182       0x3a ../Firmware_bsp/\libhal_bsp.a(alt_irq_handler.o)
                                        0x1b3 (size before relaxing)
 .debug_str     0x00000000000011bc       0x17 ../Firmware_bsp/\libhal_bsp.a(alt_irq_vars.o)
                                        0x156 (size before relaxing)
 .debug_str     0x00000000000011d3       0x2f ../Firmware_bsp/\libhal_bsp.a(alt_open.o)
                                        0x267 (size before relaxing)
 .debug_str     0x0000000000001202       0x28 ../Firmware_bsp/\libhal_bsp.a(alt_release_fd.o)
                                        0x1ef (size before relaxing)
 .debug_str     0x000000000000122a       0x4a ../Firmware_bsp/\libhal_bsp.a(alt_tick.o)
                                        0x26e (size before relaxing)
 .debug_str     0x0000000000001274       0x3b ../Firmware_bsp/\libhal_bsp.a(altera_nios2_gen2_irq.o)
                                        0x178 (size before relaxing)
 .debug_str     0x00000000000012af       0x24 ../Firmware_bsp/\libhal_bsp.a(alt_find_dev.o)
                                        0x208 (size before relaxing)
 .debug_str     0x00000000000012d3       0x26 ../Firmware_bsp/\libhal_bsp.a(alt_find_file.o)
                                        0x216 (size before relaxing)
 .debug_str     0x00000000000012f9       0x30 ../Firmware_bsp/\libhal_bsp.a(alt_get_fd.o)
                                        0x238 (size before relaxing)
 .debug_str     0x0000000000001329      0x48b ../Firmware_bsp/\libhal_bsp.a(alt_instruction_exception_entry.o)
                                        0x5bc (size before relaxing)
 .debug_str     0x00000000000017b4       0xe1 c:/intelfpga/18.0l/nios2eds/bin/gnu/h-x86_64-mingw32/bin/../lib/gcc/nios2-elf/5.3.0/../../../../../H-x86_64-mingw32/nios2-elf/lib/mno-hw-mul\libsmallc.a(lib_a-exit.o)
                                        0x1f0 (size before relaxing)
 .debug_str     0x0000000000001895       0x44 c:/intelfpga/18.0l/nios2eds/bin/gnu/h-x86_64-mingw32/bin/../lib/gcc/nios2-elf/5.3.0/../../../../../H-x86_64-mingw32/nios2-elf/lib/mno-hw-mul\libsmallc.a(lib_a-memcmp.o)
                                        0x1df (size before relaxing)
 .debug_str     0x00000000000018d9       0x58 c:/intelfpga/18.0l/nios2eds/bin/gnu/h-x86_64-mingw32/bin/../lib/gcc/nios2-elf/5.3.0/../../../../../H-x86_64-mingw32/nios2-elf/lib/mno-hw-mul\libsmallc.a(lib_a-memcpy.o)
                                        0x1f3 (size before relaxing)
 .debug_str     0x0000000000001931       0x65 c:/intelfpga/18.0l/nios2eds/bin/gnu/h-x86_64-mingw32/bin/../lib/gcc/nios2-elf/5.3.0/../../../../../H-x86_64-mingw32/nios2-elf/lib/mno-hw-mul\libsmallc.a(lib_a-__call_atexit.o)
                                        0x4eb (size before relaxing)
 .debug_str     0x0000000000001996      0x148 c:/intelfpga/18.0l/nios2eds/bin/gnu/h-x86_64-mingw32/bin/../lib/gcc/nios2-elf/5.3.0/mno-hw-mul\libgcc.a(lib2-mul.o)
                                        0x193 (size before relaxing)
 .debug_str     0x0000000000001ade       0x2a ../Firmware_bsp/\libhal_bsp.a(alt_exit.o)
                                        0x16d (size before relaxing)

.debug_loc      0x0000000000000000      0x63b
 *(.debug_loc)
 .debug_loc     0x0000000000000000       0x97 c:/intelfpga/18.0l/nios2eds/bin/gnu/h-x86_64-mingw32/bin/../lib/gcc/nios2-elf/5.3.0/../../../../../H-x86_64-mingw32/nios2-elf/lib/mno-hw-mul\libsmallc.a(lib_a-puts.o)
 .debug_loc     0x0000000000000097       0x1e c:/intelfpga/18.0l/nios2eds/bin/gnu/h-x86_64-mingw32/bin/../lib/gcc/nios2-elf/5.3.0/../../../../../H-x86_64-mingw32/nios2-elf/lib/mno-hw-mul\libsmallc.a(lib_a-strlen.o)
 .debug_loc     0x00000000000000b5      0x110 c:/intelfpga/18.0l/nios2eds/bin/gnu/h-x86_64-mingw32/bin/../lib/gcc/nios2-elf/5.3.0/../../../../../H-x86_64-mingw32/nios2-elf/lib/mno-hw-mul\libsmallc.a(lib_a-fvwrite_small_dev.o)
 .debug_loc     0x00000000000001c5       0xa5 c:/intelfpga/18.0l/nios2eds/bin/gnu/h-x86_64-mingw32/bin/../lib/gcc/nios2-elf/5.3.0/../../../../../H-x86_64-mingw32/nios2-elf/lib/mno-hw-mul\libsmallc.a(lib_a-writer.o)
 .debug_loc     0x000000000000026a       0x1e c:/intelfpga/18.0l/nios2eds/bin/gnu/h-x86_64-mingw32/bin/../lib/gcc/nios2-elf/5.3.0/../../../../../H-x86_64-mingw32/nios2-elf/lib/mno-hw-mul\libsmallc.a(lib_a-exit.o)
 .debug_loc     0x0000000000000288       0x94 c:/intelfpga/18.0l/nios2eds/bin/gnu/h-x86_64-mingw32/bin/../lib/gcc/nios2-elf/5.3.0/../../../../../H-x86_64-mingw32/nios2-elf/lib/mno-hw-mul\libsmallc.a(lib_a-memcmp.o)
 .debug_loc     0x000000000000031c      0x135 c:/intelfpga/18.0l/nios2eds/bin/gnu/h-x86_64-mingw32/bin/../lib/gcc/nios2-elf/5.3.0/../../../../../H-x86_64-mingw32/nios2-elf/lib/mno-hw-mul\libsmallc.a(lib_a-memcpy.o)
 .debug_loc     0x0000000000000451      0x157 c:/intelfpga/18.0l/nios2eds/bin/gnu/h-x86_64-mingw32/bin/../lib/gcc/nios2-elf/5.3.0/../../../../../H-x86_64-mingw32/nios2-elf/lib/mno-hw-mul\libsmallc.a(lib_a-__call_atexit.o)
 .debug_loc     0x00000000000005a8       0x93 c:/intelfpga/18.0l/nios2eds/bin/gnu/h-x86_64-mingw32/bin/../lib/gcc/nios2-elf/5.3.0/mno-hw-mul\libgcc.a(lib2-mul.o)

.debug_macinfo
 *(.debug_macinfo)

.debug_weaknames
 *(.debug_weaknames)

.debug_funcnames
 *(.debug_funcnames)

.debug_typenames
 *(.debug_typenames)

.debug_varnames
 *(.debug_varnames)

.debug_alt_sim_info
                0x0000000000000000       0x10
 *(.debug_alt_sim_info)
 .debug_alt_sim_info
                0x0000000000000000       0x10 ../Firmware_bsp//obj/HAL/src/crt0.o
                0x0000000000010000                __alt_data_end = 0x10000
                0x0000000000010000                PROVIDE (__alt_stack_pointer, __alt_data_end)
                [!provide]                        PROVIDE (__alt_stack_limit, __alt_stack_base)
                [!provide]                        PROVIDE (__alt_heap_start, end)
                [!provide]                        PROVIDE (__alt_heap_limit, 0x10000)
OUTPUT(Firmware.elf elf32-littlenios2)

.debug_ranges   0x0000000000000000      0x1a0
 .debug_ranges  0x0000000000000000       0x20 ../Firmware_bsp//obj/HAL/src/crt0.o
 .debug_ranges  0x0000000000000020       0x18 c:/intelfpga/18.0l/nios2eds/bin/gnu/h-x86_64-mingw32/bin/../lib/gcc/nios2-elf/5.3.0/../../../../../H-x86_64-mingw32/nios2-elf/lib/mno-hw-mul\libsmallc.a(lib_a-puts.o)
 .debug_ranges  0x0000000000000038       0x10 c:/intelfpga/18.0l/nios2eds/bin/gnu/h-x86_64-mingw32/bin/../lib/gcc/nios2-elf/5.3.0/../../../../../H-x86_64-mingw32/nios2-elf/lib/mno-hw-mul\libsmallc.a(lib_a-strlen.o)
 .debug_ranges  0x0000000000000048       0x28 c:/intelfpga/18.0l/nios2eds/bin/gnu/h-x86_64-mingw32/bin/../lib/gcc/nios2-elf/5.3.0/../../../../../H-x86_64-mingw32/nios2-elf/lib/mno-hw-mul\libsmallc.a(lib_a-fvwrite_small_dev.o)
 .debug_ranges  0x0000000000000070       0x10 c:/intelfpga/18.0l/nios2eds/bin/gnu/h-x86_64-mingw32/bin/../lib/gcc/nios2-elf/5.3.0/../../../../../H-x86_64-mingw32/nios2-elf/lib/mno-hw-mul\libsmallc.a(lib_a-writer.o)
 .debug_ranges  0x0000000000000080       0x30 ../Firmware_bsp/\libhal_bsp.a(altera_avalon_jtag_uart_init.o)
 .debug_ranges  0x00000000000000b0       0x18 ../Firmware_bsp/\libhal_bsp.a(altera_avalon_jtag_uart_read.o)
 .debug_ranges  0x00000000000000c8       0x28 ../Firmware_bsp/\libhal_bsp.a(alt_irq_entry.o)
 .debug_ranges  0x00000000000000f0       0x10 ../Firmware_bsp/\libhal_bsp.a(alt_irq_handler.o)
 .debug_ranges  0x0000000000000100       0x30 ../Firmware_bsp/\libhal_bsp.a(alt_exception_entry.o)
 .debug_ranges  0x0000000000000130       0x18 ../Firmware_bsp/\libhal_bsp.a(alt_instruction_exception_entry.o)
 .debug_ranges  0x0000000000000148       0x10 c:/intelfpga/18.0l/nios2eds/bin/gnu/h-x86_64-mingw32/bin/../lib/gcc/nios2-elf/5.3.0/../../../../../H-x86_64-mingw32/nios2-elf/lib/mno-hw-mul\libsmallc.a(lib_a-exit.o)
 .debug_ranges  0x0000000000000158       0x10 c:/intelfpga/18.0l/nios2eds/bin/gnu/h-x86_64-mingw32/bin/../lib/gcc/nios2-elf/5.3.0/../../../../../H-x86_64-mingw32/nios2-elf/lib/mno-hw-mul\libsmallc.a(lib_a-memcmp.o)
 .debug_ranges  0x0000000000000168       0x10 c:/intelfpga/18.0l/nios2eds/bin/gnu/h-x86_64-mingw32/bin/../lib/gcc/nios2-elf/5.3.0/../../../../../H-x86_64-mingw32/nios2-elf/lib/mno-hw-mul\libsmallc.a(lib_a-memcpy.o)
 .debug_ranges  0x0000000000000178       0x28 c:/intelfpga/18.0l/nios2eds/bin/gnu/h-x86_64-mingw32/bin/../lib/gcc/nios2-elf/5.3.0/../../../../../H-x86_64-mingw32/nios2-elf/lib/mno-hw-mul\libsmallc.a(lib_a-__call_atexit.o)
